Component: ARM Compiler 5.06 update 4 (build 422) Tool: armlink [4d35d2]

==============================================================================

Section Cross References

    main.o(i._Z15SetSysClockTo72v) refers to stm32f10x_rcc.o(i.RCC_DeInit) for RCC_DeInit
    main.o(i._Z15SetSysClockTo72v) refers to stm32f10x_rcc.o(i.RCC_HSEConfig) for RCC_HSEConfig
    main.o(i._Z15SetSysClockTo72v) refers to stm32f10x_rcc.o(i.RCC_WaitForHSEStartUp) for RCC_WaitForHSEStartUp
    main.o(i._Z15SetSysClockTo72v) refers to stm32f10x_rcc.o(i.RCC_HCLKConfig) for RCC_HCLKConfig
    main.o(i._Z15SetSysClockTo72v) refers to stm32f10x_rcc.o(i.RCC_PCLK2Config) for RCC_PCLK2Config
    main.o(i._Z15SetSysClockTo72v) refers to stm32f10x_rcc.o(i.RCC_PCLK1Config) for RCC_PCLK1Config
    main.o(i._Z15SetSysClockTo72v) refers to stm32f10x_rcc.o(i.RCC_PLLConfig) for RCC_PLLConfig
    main.o(i._Z15SetSysClockTo72v) refers to stm32f10x_rcc.o(i.RCC_PLLCmd) for RCC_PLLCmd
    main.o(i._Z15SetSysClockTo72v) refers to stm32f10x_rcc.o(i.RCC_GetFlagStatus) for RCC_GetFlagStatus
    main.o(i._Z15SetSysClockTo72v) refers to stm32f10x_rcc.o(i.RCC_SYSCLKConfig) for RCC_SYSCLKConfig
    main.o(i._Z15SetSysClockTo72v) refers to stm32f10x_rcc.o(i.RCC_GetSYSCLKSource) for RCC_GetSYSCLKSource
    main.o(i._Z4Initv) refers to main.o(i._Z15SetSysClockTo72v) for SetSysClockTo72()
    main.o(i._Z4Initv) refers to timing.o(i._ZN6Timing16InitSysTickTimerEv) for Timing::InitSysTickTimer()
    main.o(i._Z4Initv) refers to stm32f10x_rcc.o(i.RCC_APB2PeriphClockCmd) for RCC_APB2PeriphClockCmd
    main.o(i._Z4Initv) refers to stm32f10x_gpio.o(i.GPIO_StructInit) for GPIO_StructInit
    main.o(i._Z4Initv) refers to stm32f10x_gpio.o(i.GPIO_Init) for GPIO_Init
    main.o(i.main) refers to main.o(i._Z4Initv) for Init()
    main.o(i.main) refers to usb hid.o(i._ZN7USB_HID4InitEv) for USB_HID::Init()
    main.o(i.main) refers to flash.o(i._ZN5Flash4InitEv) for Flash::Init()
    main.o(i.main) refers to adc.o(i._ZN3ADC4InitEv) for ADC::Init()
    main.o(i.main) refers to adc.o(i._ZN3ADC9CalibrateEv) for ADC::Calibrate()
    main.o(i.main) refers to adc.o(i._ZN3ADC12StartReadingEv) for ADC::StartReading()
    main.o(i.main) refers to pwm.o(i._ZN3PWM4InitEv) for PWM::Init()
    main.o(i.main) refers to pwm.o(i._ZN3PWM6EnableEv) for PWM::Enable()
    main.o(i.main) refers to rtc.o(i._ZN9RTCModule4InitEv) for RTCModule::Init()
    main.o(i.main) refers to rt_cmsis.o(i.osDelay) for osDelay
    main.o(i.main) refers to rtc.o(i._ZN9RTCModule13TimeToCounterEP15RTC_TimeTypeDef) for RTCModule::TimeToCounter(RTC_TimeTypeDef*)
    main.o(i.main) refers to stm32f10x_rtc.o(i.RTC_SetCounter) for RTC_SetCounter
    main.o(i.main) refers to flash.o(i._ZN5Flash12ReadSettingsEv) for Flash::ReadSettings()
    main.o(i.main) refers to stm32f10x_rtc.o(i.RTC_GetCounter) for RTC_GetCounter
    main.o(i.main) refers to rtc.o(i._ZN9RTCModule13CounterToTimeEjP15RTC_TimeTypeDef) for RTCModule::CounterToTime(unsigned, RTC_TimeTypeDef*)
    main.o(i.main) refers to rtc.o(i._ZN9RTCModule8ResetRTCEv) for RTCModule::ResetRTC()
    main.o(i.main) refers to supply.o(i._ZN6Supply20SleepingModeIsActiveEv) for Supply::SleepingModeIsActive()
    main.o(i.main) refers to supply.o(i._ZN6Supply20SleepingModeIsForcedEv) for Supply::SleepingModeIsForced()
    main.o(i.main) refers to supply.o(i._ZN6Supply17StartSleepingModeEb) for Supply::StartSleepingMode(bool)
    main.o(i.main) refers to supply.o(i._ZN6Supply21AwakeFromSleepingModeEv) for Supply::AwakeFromSleepingMode()
    main.o(i.main) refers to supply.o(i._ZN6Supply23CheckSleepingModeButtonEv) for Supply::CheckSleepingModeButton()
    main.o(i.main) refers to f2d.o(.text) for __aeabi_f2d
    main.o(i.main) refers to dadd.o(.text) for __aeabi_dadd
    main.o(i.main) refers to d2f.o(.text) for __aeabi_d2f
    main.o(i.main) refers to pwm.o(i._ZN3PWM10UpdateDutyEf) for PWM::UpdateDuty(float)
    main.o(i.main) refers to cfrcmple.o(.text) for __aeabi_cfrcmple
    main.o(i.main) refers to timing.o(i._ZN6Timing6MillisEv) for Timing::Millis()
    main.o(i.main) refers to usb hid.o(i._ZN7USB_HID12SendSettingsEv) for USB_HID::SendSettings()
    main.o(i.main) refers to flash.o(i._ZN5Flash21WriteSettingsIfNeededEv) for Flash::WriteSettingsIfNeeded()
    main.o(i.main) refers to adc.o(i._ZN3ADC21GetPhotoresistorValueEv) for ADC::GetPhotoresistorValue()
    main.o(i.main) refers to fdiv.o(.text) for __aeabi_fdiv
    main.o(i.main) refers to powf.o(i.powf) for powf
    main.o(i.main) refers to pwm.o(.data) for PWM::fadingModeIsActive
    main.o(i.main) refers to main.o(.data) for .data
    main.o(i.main) refers to rtc.o(.data) for RTCModule::TimeToSleep
    main.o(i.main) refers to rtc.o(.data) for RTCModule::TimeToAwake
    main.o(i.main) refers to pwm.o(.constdata) for PWM::dimThreshold
    main.o(.ARM.exidx) refers to main.o(i._Z15SetSysClockTo72v) for i._Z15SetSysClockTo72v
[...]
    rt_init_stack                            0x08005535   Thumb Code   118  hal_cm.o(i.rt_init_stack)
    rt_mbx_check                             0x080055b5   Thumb Code     8  rt_mailbox.o(i.rt_mbx_check)
    rt_mbx_init                              0x080055bd   Thumb Code    26  rt_mailbox.o(i.rt_mbx_init)
    rt_mbx_psh                               0x080055d9   Thumb Code   236  rt_mailbox.o(i.rt_mbx_psh)
    rt_mbx_wait                              0x080056c9   Thumb Code   174  rt_mailbox.o(i.rt_mbx_wait)
    rt_pop_req                               0x080057c1   Thumb Code   112  rt_system.o(i.rt_pop_req)
    rt_psh_req                               0x0800583d   Thumb Code    22  rt_system.o(i.rt_psh_req)
    rt_psq_enq                               0x0800585d   Thumb Code    88  rt_list.o(i.rt_psq_enq)
    rt_put_dly                               0x080058b9   Thumb Code    68  rt_list.o(i.rt_put_dly)
    rt_put_prio                              0x08005901   Thumb Code    54  rt_list.o(i.rt_put_prio)
    rt_put_rdy_first                         0x08005939   Thumb Code    14  rt_list.o(i.rt_put_rdy_first)
    rt_resort_prio                           0x0800594d   Thumb Code    46  rt_list.o(i.rt_resort_prio)
    rt_ret_val                               0x08005981   Thumb Code     6  hal_cm.o(i.rt_ret_val)
    rt_ret_val2                              0x08005987   Thumb Code     8  hal_cm.o(i.rt_ret_val2)
    rt_rmv_dly                               0x0800598f   Thumb Code    40  rt_list.o(i.rt_rmv_dly)
    rt_rmv_list                              0x080059b9   Thumb Code    44  rt_list.o(i.rt_rmv_list)
    rt_sem_init                              0x080059e9   Thumb Code    12  rt_semaphore.o(i.rt_sem_init)
    rt_sem_psh                               0x080059f5   Thumb Code    48  rt_semaphore.o(i.rt_sem_psh)
    rt_sem_send                              0x08005a29   Thumb Code    42  rt_semaphore.o(i.rt_sem_send)
    rt_sem_wait                              0x08005a55   Thumb Code    58  rt_semaphore.o(i.rt_sem_wait)
    rt_stk_check                             0x08005a95   Thumb Code    28  rt_system.o(i.rt_stk_check)
    rt_switch_req                            0x08005ab9   Thumb Code    30  rt_task.o(i.rt_switch_req)
    rt_sys_init                              0x08005ae1   Thumb Code   138  rt_task.o(i.rt_sys_init)
    rt_sys_start                             0x08005bad   Thumb Code   110  rt_task.o(i.rt_sys_start)
    rt_systick                               0x08005c25   Thumb Code    50  rt_system.o(i.rt_systick)
    rt_tsk_create                            0x08005ce9   Thumb Code   118  rt_task.o(i.rt_tsk_create)
    rt_tsk_delete                            0x08005d71   Thumb Code   352  rt_task.o(i.rt_tsk_delete)
    rt_tsk_prio                              0x08005eed   Thumb Code   108  rt_task.o(i.rt_tsk_prio)
    rt_tsk_self                              0x08005f69   Thumb Code    12  rt_task.o(i.rt_tsk_self)
    svcDelay                                 0x08005f79   Thumb Code    18  rt_cmsis.o(i.svcDelay)
    svcKernelInitialize                      0x08005f8d   Thumb Code    80  rt_cmsis.o(i.svcKernelInitialize)
    svcKernelStart                           0x08005ffd   Thumb Code    62  rt_cmsis.o(i.svcKernelStart)
    svcMessageCreate                         0x08006045   Thumb Code    36  rt_cmsis.o(i.svcMessageCreate)
    svcMessageGet                            0x08006069   Thumb Code    58  rt_cmsis.o(i.svcMessageGet)
    svcSemaphoreCreate                       0x080060a3   Thumb Code    36  rt_cmsis.o(i.svcSemaphoreCreate)
    svcSemaphoreRelease                      0x080060c7   Thumb Code    40  rt_cmsis.o(i.svcSemaphoreRelease)
    svcSemaphoreWait                         0x080060ef   Thumb Code    50  rt_cmsis.o(i.svcSemaphoreWait)
    svcSignalSet                             0x08006121   Thumb Code    36  rt_cmsis.o(i.svcSignalSet)
    svcSignalWait                            0x08006145   Thumb Code    80  rt_cmsis.o(i.svcSignalWait)
    svcThreadCreate                          0x08006199   Thumb Code    96  rt_cmsis.o(i.svcThreadCreate)
    svcThreadGetId                           0x08006205   Thumb Code    22  rt_cmsis.o(i.svcThreadGetId)
    svcThreadTerminate                       0x08006221   Thumb Code    50  rt_cmsis.o(i.svcThreadTerminate)
    svcTimerCall                             0x08006259   Thumb Code    24  rt_cmsis.o(i.svcTimerCall)
    svcTimerCreate                           0x08006271   Thumb Code    52  rt_cmsis.o(i.svcTimerCreate)
    svcTimerStart                            0x080062a9   Thumb Code    96  rt_cmsis.o(i.svcTimerStart)
    svcTimerStop                             0x0800630d   Thumb Code    36  rt_cmsis.o(i.svcTimerStop)
    sysTimerTick                             0x08006331   Thumb Code    84  rt_cmsis.o(i.sysTimerTick)
    PWM::dimThreshold                        0x08006394   Data           4  pwm.o(.constdata)
    os_maxtaskrun                            0x08006398   Data           2  rtx_conf_cm.o(.constdata)
    os_stackinfo                             0x0800639c   Data           4  rtx_conf_cm.o(.constdata)
    os_rrobin                                0x080063a0   Data           4  rtx_conf_cm.o(.constdata)
    os_trv                                   0x080063a4   Data           4  rtx_conf_cm.o(.constdata)
    os_flags                                 0x080063a8   Data           1  rtx_conf_cm.o(.constdata)
    CMSIS_RTOS_API_Version                   0x080063ac   Data           4  rtx_conf_cm.o(.constdata)
    CMSIS_RTOS_RTX_Version                   0x080063b0   Data           4  rtx_conf_cm.o(.constdata)
    os_clockrate                             0x080063b4   Data           4  rtx_conf_cm.o(.constdata)
    os_timernum                              0x080063b8   Data           4  rtx_conf_cm.o(.constdata)
    os_thread_def_main                       0x080063bc   Data          16  rtx_conf_cm.o(.constdata)
    mp_tcb_size                              0x080063cc   Data           2  rtx_conf_cm.o(.constdata)
    mp_stk_size                              0x080063d0   Data           4  rtx_conf_cm.o(.constdata)
    os_stack_sz                              0x080063d4   Data           4  rtx_conf_cm.o(.constdata)
    os_fifo_size                             0x080063d8   Data           1  rtx_conf_cm.o(.constdata)
    os_thread_def_osTimerThread              0x080063dc   Data          16  rtx_conf_cm.o(.constdata)
    os_messageQ_def_osTimerMessageQ          0x080063ec   Data           8  rtx_conf_cm.o(.constdata)
    mp_tmr_size                              0x080063f4   Data           2  rtx_conf_cm.o(.constdata)
    Driver_USBD0                             0x08006420   Data          72  usbd_stm32f10x.o(.constdata)
    os_thread_def_USBD0_Core_Thread          0x08006468   Data          16  usbd_config_0.o(.constdata)
    usbd0_dev                                0x08006478   Data          24  usbd_config_0.o(.constdata)
    os_semaphore_def_usbd0_driver_semaphore_def 0x08006490   Data           4  usbd_config_0.o(.constdata)
    os_semaphore_def_usbd0_driver_ep0out_semaphore_def 0x08006494   Data           4  usbd_config_0.o(.constdata)
    os_semaphore_def_usbd0_driver_ep0in_semaphore_def 0x08006498   Data           4  usbd_config_0.o(.constdata)
    os_semaphore_def_usbd0_driver_ep1out_semaphore_def 0x0800649c   Data           4  usbd_config_0.o(.constdata)
    os_semaphore_def_usbd0_driver_ep1in_semaphore_def 0x080064a0   Data           4  usbd_config_0.o(.constdata)
    os_semaphore_def_usbd0_driver_ep2out_semaphore_def 0x080064a4   Data           4  usbd_config_0.o(.constdata)
    os_semaphore_def_usbd0_driver_ep2in_semaphore_def 0x080064a8   Data           4  usbd_config_0.o(.constdata)
    os_semaphore_def_usbd0_driver_ep3out_semaphore_def 0x080064ac   Data           4  usbd_config_0.o(.constdata)
    os_semaphore_def_usbd0_driver_ep3in_semaphore_def 0x080064b0   Data           4  usbd_config_0.o(.constdata)
    os_semaphore_def_usbd0_driver_ep4out_semaphore_def 0x080064b4   Data           4  usbd_config_0.o(.constdata)
    os_semaphore_def_usbd0_driver_ep4in_semaphore_def 0x080064b8   Data           4  usbd_config_0.o(.constdata)
    os_semaphore_def_usbd0_driver_ep5out_semaphore_def 0x080064bc   Data           4  usbd_config_0.o(.constdata)
    os_semaphore_def_usbd0_driver_ep5in_semaphore_def 0x080064c0   Data           4  usbd_config_0.o(.constdata)
    os_semaphore_def_usbd0_driver_ep6out_semaphore_def 0x080064c4   Data           4  usbd_config_0.o(.constdata)
    os_semaphore_def_usbd0_driver_ep6in_semaphore_def 0x080064c8   Data           4  usbd_config_0.o(.constdata)
    os_semaphore_def_usbd0_driver_ep7out_semaphore_def 0x080064cc   Data           4  usbd_config_0.o(.constdata)
    os_semaphore_def_usbd0_driver_ep7in_semaphore_def 0x080064d0   Data           4  usbd_config_0.o(.constdata)
    os_semaphore_def_usbd0_driver_ep8out_semaphore_def 0x080064d4   Data           4  usbd_config_0.o(.constdata)
    os_semaphore_def_usbd0_driver_ep8in_semaphore_def 0x080064d8   Data           4  usbd_config_0.o(.constdata)
    os_semaphore_def_usbd0_driver_ep9out_semaphore_def 0x080064dc   Data           4  usbd_config_0.o(.constdata)
    os_semaphore_def_usbd0_driver_ep9in_semaphore_def 0x080064e0   Data           4  usbd_config_0.o(.constdata)
    os_semaphore_def_usbd0_driver_ep10out_semaphore_def 0x080064e4   Data           4  usbd_config_0.o(.constdata)
    os_semaphore_def_usbd0_driver_ep10in_semaphore_def 0x080064e8   Data           4  usbd_config_0.o(.constdata)
    os_semaphore_def_usbd0_driver_ep11out_semaphore_def 0x080064ec   Data           4  usbd_config_0.o(.constdata)
    os_semaphore_def_usbd0_driver_ep11in_semaphore_def 0x080064f0   Data           4  usbd_config_0.o(.constdata)
    os_semaphore_def_usbd0_driver_ep12out_semaphore_def 0x080064f4   Data           4  usbd_config_0.o(.constdata)
    os_semaphore_def_usbd0_driver_ep12in_semaphore_def 0x080064f8   Data           4  usbd_config_0.o(.constdata)
    os_semaphore_def_usbd0_driver_ep13out_semaphore_def 0x080064fc   Data           4  usbd_config_0.o(.constdata)
    os_semaphore_def_usbd0_driver_ep13in_semaphore_def 0x08006500   Data           4  usbd_config_0.o(.constdata)
    os_semaphore_def_usbd0_driver_ep14out_semaphore_def 0x08006504   Data           4  usbd_config_0.o(.constdata)
    os_semaphore_def_usbd0_driver_ep14in_semaphore_def 0x08006508   Data           4  usbd_config_0.o(.constdata)
    os_semaphore_def_usbd0_driver_ep15out_semaphore_def 0x0800650c   Data           4  usbd_config_0.o(.constdata)
    os_semaphore_def_usbd0_driver_ep15in_semaphore_def 0x08006510   Data           4  usbd_config_0.o(.constdata)
    usbd_driver_semaphore_def_ptr            0x08006514   Data           4  usbd_config_0.o(.constdata)
    usbd_driver_ep_semaphore_def_ptr         0x08006518   Data         128  usbd_config_0.o(.constdata)
    usbd_dev_num                             0x08006598   Data           1  usbd_config_0.o(.constdata)
    usbd_dev_ptr                             0x0800659c   Data           4  usbd_config_0.o(.constdata)
    os_thread_def_USBD_HID0_Thread           0x080065a0   Data          16  usbd_config_0.o(.constdata)
    usbd_hid_thread_def_ptr                  0x080065b0   Data           4  usbd_config_0.o(.constdata)
    os_timer_def_usbd_hid0_timer             0x080065b4   Data           8  usbd_config_0.o(.constdata)
    usbd_hid_timer_def_ptr                   0x080065bc   Data           4  usbd_config_0.o(.constdata)
    os_semaphore_def_usbd_hid0_semaphore     0x080065c0   Data           4  usbd_config_0.o(.constdata)
    usbd_hid_semaphore_def_ptr               0x080065c4   Data           4  usbd_config_0.o(.constdata)
    usbd_hid_num                             0x080065c8   Data           1  usbd_config_0.o(.constdata)
    usbd_hid                                 0x080065cc   Data          56  usbd_config_0.o(.constdata)
    usbd_ep_max_num                          0x08006604   Data           1  usbd_config_0.o(.constdata)
    usbd_core_thread_def_ptr                 0x08006608   Data           4  usbd_config_0.o(.constdata)
    usbd_cb_device_event_ptr                 0x0800660c   Data           4  usbd_config_0.o(.constdata)
    usbd_cb_endpoint_event_ptr               0x08006610   Data           4  usbd_config_0.o(.constdata)
    fpUSBD_HID_Initialize                    0x08006614   Data           4  usbd_config_0.o(.constdata)
    fpUSBD_HID_GetReport                     0x08006618   Data           4  usbd_config_0.o(.constdata)
    fpUSBD_HID_SetReport                     0x0800661c   Data           4  usbd_config_0.o(.constdata)
    fpUSBD_HID_GetProtocol                   0x08006620   Data           4  usbd_config_0.o(.constdata)
    fpUSBD_HID_SetProtocol                   0x08006624   Data           4  usbd_config_0.o(.constdata)
    fpUSBD_Device_Initialize                 0x08006628   Data           4  usbd_config_0.o(.constdata)
    fpUSBD_Device_VbusChanged                0x0800662c   Data           4  usbd_config_0.o(.constdata)
    fpUSBD_Device_Reset                      0x08006630   Data           4  usbd_config_0.o(.constdata)
    fpUSBD_Device_HighSpeedActivated         0x08006634   Data           4  usbd_config_0.o(.constdata)
    fpUSBD_Device_Suspended                  0x08006638   Data           4  usbd_config_0.o(.constdata)
    fpUSBD_Device_Resumed                    0x0800663c   Data           4  usbd_config_0.o(.constdata)
    fpUSBD_Device_ConfigurationChanged       0x08006640   Data           4  usbd_config_0.o(.constdata)
    fpUSBD_Device_EnableRemoteWakeup         0x08006644   Data           4  usbd_config_0.o(.constdata)
    fpUSBD_Device_DisableRemoteWakeup        0x08006648   Data           4  usbd_config_0.o(.constdata)
    fpUSBD_Device_Endpoint0_SetupPacketReceived 0x0800664c   Data           4  usbd_config_0.o(.constdata)
    fpUSBD_Device_Endpoint0_SetupPacketProcessed 0x08006650   Data           4  usbd_config_0.o(.constdata)
    fpUSBD_Device_Endpoint0_OutDataReceived  0x08006654   Data           4  usbd_config_0.o(.constdata)
    fpUSBD_Device_Endpoint0_InDataSent       0x08006658   Data           4  usbd_config_0.o(.constdata)
    usbd_hid0_report_descriptor              0x0800665c   Data          33  usbd_config_0.o(.constdata)
    usbd_hid_desc_ptr                        0x08006680   Data           4  usbd_config_0.o(.constdata)
    usbd0_ep0_descriptor                     0x08006684   Data           7  usbd_config_0.o(.constdata)
    usbd0_device_descriptor                  0x0800668b   Data          18  usbd_config_0.o(.constdata)
    usbd0_config_descriptor_fs               0x0800669d   Data          42  usbd_config_0.o(.constdata)
    usbd0_device_qualifier_fs                0x080066c7   Data           1  usbd_config_0.o(.constdata)
    usbd0_device_qualifier_hs                0x080066c8   Data           1  usbd_config_0.o(.constdata)
    usbd0_config_descriptor_hs               0x080066c9   Data           1  usbd_config_0.o(.constdata)
    usbd0_other_speed_config_descriptor_fs   0x080066ca   Data           1  usbd_config_0.o(.constdata)
    usbd0_other_speed_config_descriptor_hs   0x080066cb   Data           1  usbd_config_0.o(.constdata)
    usbd0_string_descriptor                  0x080066cc   Data         128  usbd_config_0.o(.constdata)
    INTERVAL_HS                              0x0800674c   Data          32  usbd_lib_hid.o(.constdata)
    Region$$Table$$Base                      0x080068ac   Number         0  anon$$obj.o(Region$$Table)
    Region$$Table$$Limit                     0x080068cc   Number         0  anon$$obj.o(Region$$Table)
    duty                                     0x20000000   Data           4  main.o(.data)
    ldrValue                                 0x20000004   Data           4  main.o(.data)
    Timing::millis                           0x20000008   Data           4  timing.o(.data)
    ADC::photoresistorValueAvg               0x2000000c   Data           4  adc.o(.data)
    PWM::fadingModeIsActive                  0x20000010   Data           1  pwm.o(.data)
    RTCModule::TimeToSleep                   0x20000011   Data           3  rtc.o(.data)
    RTCModule::TimeToAwake                   0x20000014   Data           3  rtc.o(.data)
    Supply::sleepingMode                     0x20000018   Data           1  supply.o(.data)
    Supply::forcedSleepingMode               0x20000019   Data           1  supply.o(.data)
    Supply::forceSleepButtonState            0x2000001a   Data           1  supply.o(.data)
    Supply::forceSleepButtonLastState        0x2000001b   Data           1  supply.o(.data)
    Supply::forceSleepButtonFired            0x2000001c   Data           1  supply.o(.data)
    Supply::forceSleepButtonLastPressTime    0x20000020   Data           4  supply.o(.data)
    Supply::forceSleepButtonLastReleaseTime  0x20000024   Data           4  supply.o(.data)
    counter                                  0x20000028   Data           4  usb hid.o(.data)
    Flash::needToWrite                       0x2000002c   Data           1  flash.o(.data)
    Flash::lastSettingsChangeTime            0x20000030   Data           4  flash.o(.data)
    Flash::settings                          0x20000034   Data           8  flash.o(.data)
    m_tmr                                    0x2000003c   Data           4  rtx_conf_cm.o(.data)
    osThreadId_osTimerThread                 0x20000040   Data           4  rtx_conf_cm.o(.data)
    osMessageQId_osTimerMessageQ             0x20000044   Data           4  rtx_conf_cm.o(.data)
    os_semaphore_cb_usbd0_driver_semaphore_def 0x20000064   Data           8  usbd_config_0.o(.data)
    os_semaphore_cb_usbd0_driver_ep0out_semaphore_def 0x2000006c   Data           8  usbd_config_0.o(.data)
    os_semaphore_cb_usbd0_driver_ep0in_semaphore_def 0x20000074   Data           8  usbd_config_0.o(.data)
    os_semaphore_cb_usbd0_driver_ep1out_semaphore_def 0x2000007c   Data           8  usbd_config_0.o(.data)
    os_semaphore_cb_usbd0_driver_ep1in_semaphore_def 0x20000084   Data           8  usbd_config_0.o(.data)
    os_semaphore_cb_usbd0_driver_ep2out_semaphore_def 0x2000008c   Data           8  usbd_config_0.o(.data)
    os_semaphore_cb_usbd0_driver_ep2in_semaphore_def 0x20000094   Data           8  usbd_config_0.o(.data)
    os_semaphore_cb_usbd0_driver_ep3out_semaphore_def 0x2000009c   Data           8  usbd_config_0.o(.data)
    os_semaphore_cb_usbd0_driver_ep3in_semaphore_def 0x200000a4   Data           8  usbd_config_0.o(.data)
    os_semaphore_cb_usbd0_driver_ep4out_semaphore_def 0x200000ac   Data           8  usbd_config_0.o(.data)
    os_semaphore_cb_usbd0_driver_ep4in_semaphore_def 0x200000b4   Data           8  usbd_config_0.o(.data)
    os_semaphore_cb_usbd0_driver_ep5out_semaphore_def 0x200000bc   Data           8  usbd_config_0.o(.data)
    os_semaphore_cb_usbd0_driver_ep5in_semaphore_def 0x200000c4   Data           8  usbd_config_0.o(.data)
    os_semaphore_cb_usbd0_driver_ep6out_semaphore_def 0x200000cc   Data           8  usbd_config_0.o(.data)
    os_semaphore_cb_usbd0_driver_ep6in_semaphore_def 0x200000d4   Data           8  usbd_config_0.o(.data)
    os_semaphore_cb_usbd0_driver_ep7out_semaphore_def 0x200000dc   Data           8  usbd_config_0.o(.data)
    os_semaphore_cb_usbd0_driver_ep7in_semaphore_def 0x200000e4   Data           8  usbd_config_0.o(.data)
    os_semaphore_cb_usbd0_driver_ep8out_semaphore_def 0x200000ec   Data           8  usbd_config_0.o(.data)
    os_semaphore_cb_usbd0_driver_ep8in_semaphore_def 0x200000f4   Data           8  usbd_config_0.o(.data)
    os_semaphore_cb_usbd0_driver_ep9out_semaphore_def 0x200000fc   Data           8  usbd_config_0.o(.data)
    os_semaphore_cb_usbd0_driver_ep9in_semaphore_def 0x20000104   Data           8  usbd_config_0.o(.data)
    os_semaphore_cb_usbd0_driver_ep10out_semaphore_def 0x2000010c   Data           8  usbd_config_0.o(.data)
    os_semaphore_cb_usbd0_driver_ep10in_semaphore_def 0x20000114   Data           8  usbd_config_0.o(.data)
    os_semaphore_cb_usbd0_driver_ep11out_semaphore_def 0x2000011c   Data           8  usbd_config_0.o(.data)
    os_semaphore_cb_usbd0_driver_ep11in_semaphore_def 0x20000124   Data           8  usbd_config_0.o(.data)
    os_semaphore_cb_usbd0_driver_ep12out_semaphore_def 0x2000012c   Data           8  usbd_config_0.o(.data)
    os_semaphore_cb_usbd0_driver_ep12in_semaphore_def 0x20000134   Data           8  usbd_config_0.o(.data)
    os_semaphore_cb_usbd0_driver_ep13out_semaphore_def 0x2000013c   Data           8  usbd_config_0.o(.data)
    os_semaphore_cb_usbd0_driver_ep13in_semaphore_def 0x20000144   Data           8  usbd_config_0.o(.data)
    os_semaphore_cb_usbd0_driver_ep14out_semaphore_def 0x2000014c   Data           8  usbd_config_0.o(.data)
    os_semaphore_cb_usbd0_driver_ep14in_semaphore_def 0x20000154   Data           8  usbd_config_0.o(.data)
    os_semaphore_cb_usbd0_driver_ep15out_semaphore_def 0x2000015c   Data           8  usbd_config_0.o(.data)
    os_semaphore_cb_usbd0_driver_ep15in_semaphore_def 0x20000164   Data           8  usbd_config_0.o(.data)
    os_semaphore_cb_usbd_hid0_semaphore      0x2000016c   Data           8  usbd_config_0.o(.data)
    usbd_hid_ptr                             0x20000174   Data           4  usbd_config_0.o(.data)
    usbd_ep_thread_id_ptr                    0x20000178   Data           8  usbd_config_0.o(.data)
    usbd_hid0_desc                           0x20000180   Data           8  usbd_config_0.o(.data)
    usbd0_desc                               0x20000188   Data          36  usbd_config_0.o(.data)
    usbd_desc_ptr                            0x200001ac   Data           4  usbd_config_0.o(.data)
    usbd0_alt_setting                        0x200001b0   Data           1  usbd_config_0.o(.data)
    usbd0_ep0_buf                            0x200001b4   Data           8  usbd_config_0.o(.data)
    usbd_core_thread_id                      0x200001bc   Data           4  usbd_config_0.o(.data)
    usbd_driver_semaphore_id                 0x200001c0   Data           4  usbd_config_0.o(.data)
    usbd_hid_thread_id                       0x200001c4   Data           4  usbd_config_0.o(.data)
    usbd_hid_timer_id                        0x200001c8   Data           4  usbd_config_0.o(.data)
    usbd_hid_semaphore_id                    0x200001cc   Data           4  usbd_config_0.o(.data)
    usbd_hid0_idle_count                     0x200001d0   Data           2  usbd_config_0.o(.data)
    usbd_hid0_idle_reload                    0x200001d2   Data           2  usbd_config_0.o(.data)
    usbd_hid0_idle_set                       0x200001d4   Data           1  usbd_config_0.o(.data)
    usbd_drv_version                         0x200001d6   Data           4  usbd_config_0.o(.data)
    usbd_capabilities                        0x200001dc   Data           4  usbd_config_0.o(.data)
    os_initialized                           0x200001e0   Data           1  rt_cmsis.o(.data)
    os_running                               0x200001e1   Data           1  rt_cmsis.o(.data)
    os_timer_head                            0x200001e4   Data           4  rt_cmsis.o(.data)
    os_tsk                                   0x200001e8   Data           8  rt_task.o(.data)
    os_tick_irqn                             0x200001f4   Data           4  rt_system.o(.data)
    os_time                                  0x200001f8   Data           4  rt_time.o(.data)
    dbg_msg                                  0x200001fc   Data           1  hal_cm.o(.data)
    os_robin                                 0x20000200   Data           8  rt_robin.o(.data)
    __microlib_freelist                      0x20000218   Data           4  mvars.o(.data)
    __microlib_freelist_initialised          0x2000021c   Data           4  mvars.o(.data)
    os_timer_cb_millisCounter                0x20000220   Data          24  timing.o(.bss)
    os_messageQ_q_osTimerMessageQ            0x20000238   Data          32  rtx_conf_cm.o(.bss)
    mp_tcb                                   0x20000258   Data         376  rtx_conf_cm.o(.bss)
    mp_stk                                   0x200003d0   Data         816  rtx_conf_cm.o(.bss)
    os_stack_mem                             0x20000700   Data        1784  rtx_conf_cm.o(.bss)
    os_fifo                                  0x20000df8   Data         132  rtx_conf_cm.o(.bss)
    os_active_TCB                            0x20000e7c   Data          28  rtx_conf_cm.o(.bss)
    usbd0_data                               0x20001000   Data          80  usbd_config_0.o(.bss)
    usbd_driver_ep_semaphore_id              0x20001050   Data         128  usbd_config_0.o(.bss)
    os_timer_cb_usbd_hid0_timer              0x200010d0   Data          24  usbd_config_0.o(.bss)
    usbd_hid0_in_report                      0x200010e8   Data           9  usbd_config_0.o(.bss)
    usbd_hid0_out_report                     0x200010f4   Data           9  usbd_config_0.o(.bss)
    usbd_hid0_feat_report                    0x20001100   Data           9  usbd_config_0.o(.bss)
    usbd_hid_data                            0x2000110c   Data          32  usbd_config_0.o(.bss)
    os_idle_TCB                              0x2000112c   Data          52  rt_task.o(.bss)
    os_rdy                                   0x20001160   Data          24  rt_list.o(.bss)
    os_dly                                   0x20001178   Data          24  rt_list.o(.bss)
    __heap_base                              0x20001190   Data           0  startup_stm32f10x_md.o(HEAP)
    __heap_limit                             0x20001390   Data           0  startup_stm32f10x_md.o(HEAP)
    __initial_sp                             0x20001790   Data           0  startup_stm32f10x_md.o(STACK)



==============================================================================

Memory Map of the image

  Image Entry point : 0x08000241

  Load Region LR_1 (Base: 0x08000000, Size: 0x00006aec, Max: 0xffffffff, ABSOLUTE, COMPRESSED[0x00006914])

    Execution Region ER_RO (Base: 0x08000000, Size: 0x000068cc, Max: 0xffffffff, ABSOLUTE)

    Base Addr    Size         Type   Attr      Idx    E Section Name        Object

    0x08000000   0x000000ec   Data   RO         2695    RESET               startup_stm32f10x_md.o
    0x080000ec   0x00000000   Code   RO         4720  * .ARM.Collect$$$$00000000  mc_w.l(entry.o)
    0x080000ec   0x00000004   Code   RO         4790    .ARM.Collect$$$$00000001  mc_w.l(entry2.o)
    0x080000f0   0x00000004   Code   RO         4793    .ARM.Collect$$$$00000004  mc_w.l(entry5.o)
    0x080000f4   0x00000000   Code   RO         4795    .ARM.Collect$$$$00000008  mc_w.l(entry7b.o)
    0x080000f4   0x00000000   Code   RO         4797    .ARM.Collect$$$$0000000A  mc_w.l(entry8b.o)
    0x080000f4   0x00000000   Code   RO         4798    .ARM.Collect$$$$0000000D  mc_w.l(entry10a.o)
    0x080000f4   0x00000000   Code   RO         4800    .ARM.Collect$$$$0000000F  mc_w.l(entry11a.o)
    0x080000f4   0x00000018   Code   RO          635    .ARM.Collect$$$$000000FF  rtx_conf_cm.o
    0x0800010c   0x00000004   Code   RO         4791    .ARM.Collect$$$$00002712  mc_w.l(entry2.o)
    0x08000110   0x00000130   Code   RO         4690    .emb_text           RTX_CM3.lib(hal_cm3.o)
    0x08000240   0x00000024   Code   RO         2696  * .text               startup_stm32f10x_md.o
    0x08000264   0x00000062   Code   RO         4723    .text               mc_w.l(uldiv.o)
    0x080002c6   0x00000024   Code   RO         4725    .text               mc_w.l(memcpya.o)
    0x080002ea   0x00000024   Code   RO         4727    .text               mc_w.l(memseta.o)
    0x0800030e   0x000000b0   Code   RO         4731    .text               mf_w.l(fadd.o)
    0x080003be   0x00000064   Code   RO         4733    .text               mf_w.l(fmul.o)
    0x08000422   0x0000007c   Code   RO         4735    .text               mf_w.l(fdiv.o)
    0x0800049e   0x0000014e   Code   RO         4737    .text               mf_w.l(dadd.o)
    0x080005ec   0x000000de   Code   RO         4739    .text               mf_w.l(ddiv.o)
    0x080006ca   0x0000000a   Code   RO         4741    .text               mf_w.l(ffltui.o)
    0x080006d4   0x00000028   Code   RO         4743    .text               mf_w.l(ffixui.o)
    0x080006fc   0x00000026   Code   RO         4745    .text               mf_w.l(f2d.o)
    0x08000722   0x00000038   Code   RO         4747    .text               mf_w.l(d2f.o)
    0x0800075a   0x00000002   PAD
    0x0800075c   0x00000014   Code   RO         4749    .text               mf_w.l(cfrcmple.o)
    0x08000770   0x0000001e   Code   RO         4802    .text               mc_w.l(llshl.o)
    0x0800078e   0x00000020   Code   RO         4804    .text               mc_w.l(llushr.o)
    0x080007ae   0x00000024   Code   RO         4806    .text               mc_w.l(llsshr.o)
    0x080007d2   0x00000000   Code   RO         4815    .text               mc_w.l(iusefp.o)
    0x080007d2   0x0000006e   Code   RO         4816    .text               mf_w.l(fepilogue.o)
    0x08000840   0x00000018   Code   RO         4818    .text               mf_w.l(fscalb.o)
    0x08000858   0x000000ba   Code   RO         4820    .text               mf_w.l(depilogue.o)
    0x08000912   0x00000012   Code   RO         4822    .text               mf_w.l(fflti.o)
    0x08000924   0x0000004c   Code   RO         4824    .text               mf_w.l(ffixir.o)
    0x08000970   0x00000004   Code   RO         4826    .text               mf_w.l(fpstat.o)
    0x08000974   0x00000004   Code   RO         4828    .text               cpprt_w.l(arm_newhandler_noexceptions.o)
    0x08000978   0x00000024   Code   RO         4953    .text               mc_w.l(init.o)
    0x0800099c   0x00000014   Code   RO         4983    .text               mc_w.l(cpp_memory.o)
    0x080009b0   0x0000001a   Code   RO         5002    .text               cpprt_w.l(arm_exceptions_terminate.o)
    0x080009ca   0x00000002   PAD
    0x080009cc   0x00000050   Code   RO         5021    .text               cpprt_w.l(arm_exceptions_globs.o)
    0x08000a1c   0x0000003c   Code   RO         5028    .text               cpprt_w.l(arm_exceptions_mem.o)
    0x08000a58   0x00000056   Code   RO         5038    .text               mc_w.l(__dczerorl2.o)
    0x08000aae   0x00000002   PAD
    0x08000ab0   0x00000004   Code   RO         4700    SVC_TABLE           RTX_CM3.lib(svc_table.o)
    0x08000ab4   0x00000014   Code   RO          991    i.ADC_Cmd           stm32f10x_adc.o
    0x08000ac8   0x0000000e   Code   RO          999    i.ADC_GetCalibrationStatus  stm32f10x_adc.o
    0x08000ad6   0x00000006   Code   RO         1000    i.ADC_GetConversionValue  stm32f10x_adc.o
    0x08000adc   0x0000000e   Code   RO         1005    i.ADC_GetResetCalibrationStatus  stm32f10x_adc.o
    0x08000aea   0x00000002   PAD
    0x08000aec   0x00000048   Code   RO         1009    i.ADC_Init          stm32f10x_adc.o
    0x08000b34   0x00000074   Code   RO         1013    i.ADC_RegularChannelConfig  stm32f10x_adc.o
    0x08000ba8   0x0000000a   Code   RO         1014    i.ADC_ResetCalibration  stm32f10x_adc.o
    0x08000bb2   0x00000014   Code   RO         1016    i.ADC_SoftwareStartConvCmd  stm32f10x_adc.o
    0x08000bc6   0x0000000a   Code   RO         1018    i.ADC_StartCalibration  stm32f10x_adc.o
    0x08000bd0   0x0000003c   Code   RO         1224    i.FLASH_ErasePage   stm32f10x_flash.o
    0x08000c0c   0x00000028   Code   RO         1225    i.FLASH_GetBank1Status  stm32f10x_flash.o
    0x08000c34   0x00000010   Code   RO         1234    i.FLASH_Lock        stm32f10x_flash.o
    0x08000c44   0x00000018   Code   RO         1236    i.FLASH_PrefetchBufferCmd  stm32f10x_flash.o
    0x08000c5c   0x00000050   Code   RO         1239    i.FLASH_ProgramWord  stm32f10x_flash.o
    0x08000cac   0x00000014   Code   RO         1241    i.FLASH_SetLatency  stm32f10x_flash.o
    0x08000cc0   0x00000018   Code   RO         1242    i.FLASH_Unlock      stm32f10x_flash.o
    0x08000cd8   0x00000024   Code   RO         1246    i.FLASH_WaitForLastOperation  stm32f10x_flash.o
    0x08000cfc   0x00000088   Code   RO         2652    i.GPIO_GetPortClockState  gpio_stm32f10x.o
    0x08000d84   0x000000a2   Code   RO         1409    i.GPIO_Init         stm32f10x_gpio.o
    0x08000e26   0x00000062   Code   RO         2653    i.GPIO_PinConfigure  gpio_stm32f10x.o
    0x08000e88   0x000000e4   Code   RO         2654    i.GPIO_PortClock    gpio_stm32f10x.o
    0x08000f6c   0x0000000e   Code   RO         1413    i.GPIO_ReadInputDataBit  stm32f10x_gpio.o
    0x08000f7a   0x00000004   Code   RO         1417    i.GPIO_SetBits      stm32f10x_gpio.o
    0x08000f7e   0x00000010   Code   RO         1418    i.GPIO_StructInit   stm32f10x_gpio.o
    0x08000f8e   0x00000002   PAD
    0x08000f90   0x00000034   Code   RO          703    i.IN_EP_Status      usbd_stm32f10x.o
    0x08000fc4   0x00000064   Code   RO          930    i.NVIC_Init         misc.o
    0x08001028   0x00000034   Code   RO          704    i.OUT_EP_Status     usbd_stm32f10x.o
    0x0800105c   0x0000000c   Code   RO         1529    i.PWR_BackupAccessCmd  stm32f10x_pwr.o
    0x08001068   0x00000014   Code   RO         1601    i.RCC_ADCCLKConfig  stm32f10x_rcc.o
    0x0800107c   0x00000018   Code   RO         1603    i.RCC_APB1PeriphClockCmd  stm32f10x_rcc.o
    0x08001094   0x00000018   Code   RO         1605    i.RCC_APB2PeriphClockCmd  stm32f10x_rcc.o
    0x080010ac   0x0000000c   Code   RO         1608    i.RCC_BackupResetCmd  stm32f10x_rcc.o
    0x080010b8   0x00000040   Code   RO         1612    i.RCC_DeInit        stm32f10x_rcc.o
    0x080010f8   0x00000030   Code   RO         1614    i.RCC_GetFlagStatus  stm32f10x_rcc.o
    0x08001128   0x00000010   Code   RO         1616    i.RCC_GetSYSCLKSource  stm32f10x_rcc.o
    0x08001138   0x00000014   Code   RO         1617    i.RCC_HCLKConfig    stm32f10x_rcc.o
    0x0800114c   0x00000034   Code   RO         1618    i.RCC_HSEConfig     stm32f10x_rcc.o
    0x08001180   0x00000020   Code   RO         1621    i.RCC_LSEConfig     stm32f10x_rcc.o
    0x080011a0   0x00000014   Code   RO         1624    i.RCC_PCLK1Config   stm32f10x_rcc.o
    0x080011b4   0x00000014   Code   RO         1625    i.RCC_PCLK2Config   stm32f10x_rcc.o
    0x080011c8   0x0000000c   Code   RO         1626    i.RCC_PLLCmd        stm32f10x_rcc.o
    0x080011d4   0x00000014   Code   RO         1627    i.RCC_PLLConfig     stm32f10x_rcc.o
    0x080011e8   0x0000000c   Code   RO         1628    i.RCC_RTCCLKCmd     stm32f10x_rcc.o
    0x080011f4   0x00000010   Code   RO         1629    i.RCC_RTCCLKConfig  stm32f10x_rcc.o
    0x08001204   0x00000014   Code   RO         1630    i.RCC_SYSCLKConfig  stm32f10x_rcc.o
    0x08001218   0x0000002c   Code   RO         1632    i.RCC_WaitForHSEStartUp  stm32f10x_rcc.o
    0x08001244   0x00000010   Code   RO         1815    i.RTC_EnterConfigMode  stm32f10x_rtc.o
    0x08001254   0x00000010   Code   RO         1816    i.RTC_ExitConfigMode  stm32f10x_rtc.o
    0x08001264   0x00000014   Code   RO         1817    i.RTC_GetCounter    stm32f10x_rtc.o
    0x08001278   0x00000020   Code   RO         1823    i.RTC_SetCounter    stm32f10x_rtc.o
    0x08001298   0x00000020   Code   RO         1824    i.RTC_SetPrescaler  stm32f10x_rtc.o
    0x080012b8   0x00000018   Code   RO         1826    i.RTC_WaitForSynchro  stm32f10x_rtc.o
    0x080012d0   0x000000a8   Code   RO         2703    i.SetSysClockTo72   system_stm32f10x.o
    0x08001378   0x00000050   Code   RO         2705    i.SystemInit        system_stm32f10x.o
    0x080013c8   0x0000002c   Code   RO          254    i.TIM3_IRQHandler   pwm.o
    0x080013f4   0x00000006   Code   RO         1923    i.TIM_ClearITPendingBit  stm32f10x_tim.o
    0x080013fa   0x00000014   Code   RO         1928    i.TIM_Cmd           stm32f10x_tim.o
    0x0800140e   0x00000018   Code   RO         1949    i.TIM_GetITStatus   stm32f10x_tim.o
    0x08001426   0x00000010   Code   RO         1953    i.TIM_ITConfig      stm32f10x_tim.o
    0x08001436   0x00000002   PAD
    0x08001438   0x00000080   Code   RO         1957    i.TIM_OC1Init       stm32f10x_tim.o
    0x080014b8   0x00000080   Code   RO         1962    i.TIM_OC2Init       stm32f10x_tim.o
    0x08001538   0x00000014   Code   RO         1975    i.TIM_OCStructInit  stm32f10x_tim.o
    0x0800154c   0x0000009c   Code   RO         1999    i.TIM_TimeBaseInit  stm32f10x_tim.o
    0x080015e8   0x00000012   Code   RO         2000    i.TIM_TimeBaseStructInit  stm32f10x_tim.o
    0x080015fa   0x00000006   Code   RO         3925    i.USBD0_Core_Thread  USB_CM3_L.lib(usbd_lib_core.o)
    0x08001600   0x00000008   Code   RO         2741    i.USBD0_SignalDeviceEvent  usbd_config_0.o
    0x08001608   0x0000000a   Code   RO         2742    i.USBD0_SignalEndpointEvent  usbd_config_0.o
    0x08001612   0x00000002   PAD
    0x08001614   0x00000028   Code   RO         3929    i.USBD_CheckDevice  USB_CM3_L.lib(usbd_lib_core.o)
    0x0800163c   0x00000038   Code   RO         2743    i.USBD_ClassInitialize  usbd_config_0.o
    0x08001674   0x00000004   Code   RO         2745    i.USBD_Class_Endpoint0_InDataSent  usbd_config_0.o
    0x08001678   0x00000004   Code   RO         2746    i.USBD_Class_Endpoint0_OutDataReceived  usbd_config_0.o
    0x0800167c   0x00000002   Code   RO         2747    i.USBD_Class_Endpoint0_SetupPacketProcessed  usbd_config_0.o
    0x0800167e   0x00000004   Code   RO         2748    i.USBD_Class_Endpoint0_SetupPacketReceived  usbd_config_0.o
    0x08001682   0x00000002   PAD
    0x08001684   0x000000dc   Code   RO         3932    i.USBD_Core         USB_CM3_L.lib(usbd_lib_core.o)
    0x08001760   0x00000040   Code   RO         4643    i.USBD_Core_Endpoint0_InDataSent  USB_CM3_L.lib(usbd_lib_core_device.o)
    0x080017a0   0x00000040   Code   RO         4644    i.USBD_Core_Endpoint0_OutDataReceived  USB_CM3_L.lib(usbd_lib_core_device.o)
    0x080017e0   0x0000003c   Code   RO         4645    i.USBD_Core_Endpoint0_SetupPacketProcessed  USB_CM3_L.lib(usbd_lib_core_device.o)
    0x0800181c   0x00000048   Code   RO         4646    i.USBD_Core_Endpoint0_SetupPacketReceived  USB_CM3_L.lib(usbd_lib_core_device.o)
    0x08001864   0x00000098   Code   RO         3933    i.USBD_Core_Thread  USB_CM3_L.lib(usbd_lib_core.o)
    0x080018fc   0x0000004c   Code   RO         3934    i.USBD_DataInStage  USB_CM3_L.lib(usbd_lib_core.o)
    0x08001948   0x0000002c   Code   RO         3935    i.USBD_DataOutStage  USB_CM3_L.lib(usbd_lib_core.o)
    0x08001974   0x00000002   Code   RO         2749    i.USBD_Device0_ConfigurationChanged  usbd_config_0.o
    0x08001976   0x00000002   Code   RO         2750    i.USBD_Device0_DisableRemoteWakeup  usbd_config_0.o
    0x08001978   0x00000002   Code   RO         2751    i.USBD_Device0_EnableRemoteWakeup  usbd_config_0.o
    0x0800197a   0x00000004   Code   RO         2752    i.USBD_Device0_Endpoint0_InDataSent  usbd_config_0.o
    0x0800197e   0x00000004   Code   RO         2753    i.USBD_Device0_Endpoint0_OutDataReceived  usbd_config_0.o
    0x08001982   0x00000002   Code   RO         2754    i.USBD_Device0_Endpoint0_SetupPacketProcessed  usbd_config_0.o
    0x08001984   0x00000004   Code   RO         2755    i.USBD_Device0_Endpoint0_SetupPacketReceived  usbd_config_0.o
    0x08001988   0x00000002   Code   RO         2756    i.USBD_Device0_EventReset  usbd_config_0.o
    0x0800198a   0x00000002   Code   RO         2757    i.USBD_Device0_HighSpeedActivated  usbd_config_0.o
    0x0800198c   0x00000002   Code   RO         2758    i.USBD_Device0_Initialize  usbd_config_0.o
    0x0800198e   0x00000008   Code   RO         2759    i.USBD_Device0_Reset  usbd_config_0.o
    0x08001996   0x00000002   Code   RO         2760    i.USBD_Device0_Resumed  usbd_config_0.o
    0x08001998   0x00000002   Code   RO         2761    i.USBD_Device0_Suspended  usbd_config_0.o
    0x0800199a   0x00000002   Code   RO         2763    i.USBD_Device0_VbusChanged  usbd_config_0.o
    0x0800199c   0x00000038   Code   RO          705    i.USBD_DeviceConnect  usbd_stm32f10x.o
    0x080019d4   0x00000028   Code   RO          706    i.USBD_DeviceDisconnect  usbd_stm32f10x.o
    0x080019fc   0x0000000c   Code   RO          707    i.USBD_DeviceGetState  usbd_stm32f10x.o
    0x08001a08   0x00000030   Code   RO          708    i.USBD_DeviceRemoteWakeup  usbd_stm32f10x.o
    0x08001a38   0x00000020   Code   RO          709    i.USBD_DeviceSetAddress  usbd_stm32f10x.o
    0x08001a58   0x0000005c   Code   RO         3999    i.USBD_DriverDeviceSetAddress  USB_CM3_L.lib(usbd_lib_drv.o)
    0x08001ab4   0x00000090   Code   RO         4000    i.USBD_DriverEndpointConfigure  USB_CM3_L.lib(usbd_lib_drv.o)
    0x08001b44   0x0000008c   Code   RO         4001    i.USBD_DriverEndpointStall  USB_CM3_L.lib(usbd_lib_drv.o)
    0x08001bd0   0x000000c0   Code   RO         4002    i.USBD_DriverEndpointTransfer  USB_CM3_L.lib(usbd_lib_drv.o)
    0x08001c90   0x0000008c   Code   RO         4003    i.USBD_DriverEndpointTransferAbort  USB_CM3_L.lib(usbd_lib_drv.o)
    0x08001d1c   0x00000064   Code   RO         4004    i.USBD_DriverEndpointTransferGetResult  USB_CM3_L.lib(usbd_lib_drv.o)
    0x08001d80   0x00000088   Code   RO         4005    i.USBD_DriverEndpointUnconfigure  USB_CM3_L.lib(usbd_lib_drv.o)
    0x08001e08   0x00000010   Code   RO         4006    i.USBD_DriverGetCapabilities  USB_CM3_L.lib(usbd_lib_drv.o)
    0x08001e18   0x00000010   Code   RO         4008    i.USBD_DriverGetVersion  USB_CM3_L.lib(usbd_lib_drv.o)
    0x08001e28   0x0000005c   Code   RO         4009    i.USBD_DriverInitialize  USB_CM3_L.lib(usbd_lib_drv.o)
    0x08001e84   0x0000005c   Code   RO         4010    i.USBD_DriverPowerControl  USB_CM3_L.lib(usbd_lib_drv.o)
    0x08001ee0   0x0000005c   Code   RO         4011    i.USBD_DriverReadSetupPacket  USB_CM3_L.lib(usbd_lib_drv.o)
    0x08001f3c   0x0000007c   Code   RO          710    i.USBD_EP_HW_Read   usbd_stm32f10x.o
    0x08001fb8   0x0000008c   Code   RO          711    i.USBD_EP_HW_Write  usbd_stm32f10x.o
    0x08002044   0x000002e0   Code   RO         3937    i.USBD_Endpoint0    USB_CM3_L.lib(usbd_lib_core.o)
    0x08002324   0x00000002   Code   RO         2764    i.USBD_Endpoint0_ClearFeatureStall_MSC  usbd_config_0.o
    0x08002326   0x00000004   Code   RO         2765    i.USBD_Endpoint0_Out_ADC_ReqToEP  usbd_config_0.o
    0x0800232a   0x00000004   Code   RO         2766    i.USBD_Endpoint0_Out_ADC_ReqToIF  usbd_config_0.o
    0x0800232e   0x00000004   Code   RO         2767    i.USBD_Endpoint0_Out_CDC_ReqToIF  usbd_config_0.o
    0x08002332   0x00000002   PAD
    0x08002334   0x00000064   Code   RO         4657    i.USBD_Endpoint0_Out_HID_ReqToIF  USB_CM3_L.lib(usbd_lib_core_hid.o)
    0x08002398   0x000000f0   Code   RO         4658    i.USBD_Endpoint0_ReqGetDescriptor_HID  USB_CM3_L.lib(usbd_lib_core_hid.o)
    0x08002488   0x00000004   Code   RO         2768    i.USBD_Endpoint0_Setup_ADC_ReqToEP  usbd_config_0.o
    0x0800248c   0x00000004   Code   RO         2769    i.USBD_Endpoint0_Setup_ADC_ReqToIF  usbd_config_0.o
    0x08002490   0x00000004   Code   RO         2770    i.USBD_Endpoint0_Setup_CDC_ReqToIF  usbd_config_0.o
    0x08002494   0x000000f0   Code   RO         4659    i.USBD_Endpoint0_Setup_HID_ReqToIF  USB_CM3_L.lib(usbd_lib_core_hid.o)
    0x08002584   0x00000004   Code   RO         2771    i.USBD_Endpoint0_Setup_MSC_ReqToIF  usbd_config_0.o
    0x08002588   0x00000148   Code   RO          712    i.USBD_EndpointConfigure  usbd_stm32f10x.o
    0x080026d0   0x00000094   Code   RO          713    i.USBD_EndpointStall  usbd_stm32f10x.o
    0x08002764   0x00000044   Code   RO         2772    i.USBD_EndpointStart  usbd_config_0.o
    0x080027a8   0x00000002   Code   RO         2773    i.USBD_EndpointStop  usbd_config_0.o
    0x080027aa   0x00000002   PAD
    0x080027ac   0x00000068   Code   RO          714    i.USBD_EndpointTransfer  usbd_stm32f10x.o
    0x08002814   0x00000058   Code   RO          715    i.USBD_EndpointTransferAbort  usbd_stm32f10x.o
    0x0800286c   0x00000024   Code   RO          716    i.USBD_EndpointTransferGetResult  usbd_stm32f10x.o
    0x08002890   0x00000090   Code   RO          717    i.USBD_EndpointUnconfigure  usbd_stm32f10x.o
    0x08002920   0x0000000c   Code   RO          718    i.USBD_GetCapabilities  usbd_stm32f10x.o
    0x0800292c   0x0000001c   Code   RO          719    i.USBD_GetFrameNumber  usbd_stm32f10x.o
    0x08002948   0x0000000c   Code   RO          720    i.USBD_GetVersion   usbd_stm32f10x.o
    0x08002954   0x00000006   Code   RO         2774    i.USBD_HID0_GetProtocol  usbd_config_0.o
    0x0800295a   0x00000016   Code   RO          455    i.USBD_HID0_GetReport  usb hid.o
    0x08002970   0x00000002   Code   RO          456    i.USBD_HID0_Initialize  usb hid.o
    0x08002972   0x00000004   Code   RO         2777    i.USBD_HID0_SetProtocol  usbd_config_0.o
    0x08002976   0x00000002   PAD
    0x08002978   0x00000044   Code   RO          457    i.USBD_HID0_SetReport  usb hid.o
    0x080029bc   0x00000006   Code   RO         4042    i.USBD_HID0_Thread  USB_CM3_L.lib(usbd_lib_hid.o)
    0x080029c2   0x00000002   PAD
    0x080029c4   0x00000048   Code   RO         4046    i.USBD_HID_CheckInstance  USB_CM3_L.lib(usbd_lib_hid.o)
    0x08002a0c   0x00000038   Code   RO         4047    i.USBD_HID_CoreGetIdle  USB_CM3_L.lib(usbd_lib_hid.o)
    0x08002a44   0x00000040   Code   RO         4048    i.USBD_HID_CoreGetProtocol  USB_CM3_L.lib(usbd_lib_hid.o)
    0x08002a84   0x00000068   Code   RO         4049    i.USBD_HID_CoreGetReport  USB_CM3_L.lib(usbd_lib_hid.o)
    0x08002aec   0x00000080   Code   RO         4050    i.USBD_HID_CoreSetIdle  USB_CM3_L.lib(usbd_lib_hid.o)
    0x08002b6c   0x00000040   Code   RO         4051    i.USBD_HID_CoreSetProtocol  USB_CM3_L.lib(usbd_lib_hid.o)
    0x08002bac   0x00000070   Code   RO         4052    i.USBD_HID_CoreSetReport  USB_CM3_L.lib(usbd_lib_hid.o)
    0x08002c1c   0x00000030   Code   RO         4053    i.USBD_HID_EndpointStart  USB_CM3_L.lib(usbd_lib_hid.o)
    0x08002c4c   0x00000184   Code   RO         4054    i.USBD_HID_EpIntIn  USB_CM3_L.lib(usbd_lib_hid.o)
    0x08002dd0   0x00000090   Code   RO         4055    i.USBD_HID_EpIntOut  USB_CM3_L.lib(usbd_lib_hid.o)
    0x08002e60   0x0000009c   Code   RO         4056    i.USBD_HID_GetReportTrigger  USB_CM3_L.lib(usbd_lib_hid.o)
    0x08002efc   0x00000094   Code   RO         4057    i.USBD_HID_Initialize  USB_CM3_L.lib(usbd_lib_hid.o)
    0x08002f90   0x00000044   Code   RO         4058    i.USBD_HID_Reset    USB_CM3_L.lib(usbd_lib_hid.o)
    0x08002fd4   0x00000044   Code   RO         4059    i.USBD_HID_SetConfiguration  USB_CM3_L.lib(usbd_lib_hid.o)
    0x08003018   0x0000003a   Code   RO         4060    i.USBD_HID_Thread   USB_CM3_L.lib(usbd_lib_hid.o)
    0x08003052   0x00000002   PAD
    0x08003054   0x00000134   Code   RO         4061    i.USBD_HID_Timer    USB_CM3_L.lib(usbd_lib_hid.o)
    0x08003188   0x00000040   Code   RO          721    i.USBD_Initialize   usbd_stm32f10x.o
    0x080031c8   0x000000f8   Code   RO         3945    i.USBD_Initialize   USB_CM3_L.lib(usbd_lib_core.o)
    0x080032c0   0x000000c8   Code   RO          722    i.USBD_PowerControl  usbd_stm32f10x.o
    0x08003388   0x00000028   Code   RO          723    i.USBD_ReadSetupPacket  usbd_stm32f10x.o
    0x080033b0   0x00000134   Code   RO         3946    i.USBD_ReqGetDescriptor  USB_CM3_L.lib(usbd_lib_core.o)
    0x080034e4   0x00000078   Code   RO         3947    i.USBD_ReqGetStatus  USB_CM3_L.lib(usbd_lib_core.o)
    0x0800355c   0x000000f8   Code   RO         3948    i.USBD_ReqSetClrFeature  USB_CM3_L.lib(usbd_lib_core.o)
    0x08003654   0x00000238   Code   RO         3949    i.USBD_ReqSetConfiguration  USB_CM3_L.lib(usbd_lib_core.o)
    0x0800388c   0x00000170   Code   RO         3950    i.USBD_ReqSetInterface  USB_CM3_L.lib(usbd_lib_core.o)
    0x080039fc   0x0000004c   Code   RO          724    i.USBD_Reset        usbd_stm32f10x.o
    0x08003a48   0x0000002c   Code   RO         2780    i.USBD_Reset        usbd_config_0.o
    0x08003a74   0x00000028   Code   RO         3951    i.USBD_ResetCore    USB_CM3_L.lib(usbd_lib_core.o)
    0x08003a9c   0x00000030   Code   RO         2781    i.USBD_SetConfiguration  usbd_config_0.o
    0x08003acc   0x00000010   Code   RO         4013    i.USBD_SignalDeviceEvent  USB_CM3_L.lib(usbd_lib_drv.o)
    0x08003adc   0x00000044   Code   RO         4014    i.USBD_SignalEndpointEvent  USB_CM3_L.lib(usbd_lib_drv.o)
    0x08003b20   0x0000000a   Code   RO         3952    i.USBD_StatusInStage  USB_CM3_L.lib(usbd_lib_core.o)
    0x08003b2a   0x00000010   Code   RO         3953    i.USBD_StatusInStageDone  USB_CM3_L.lib(usbd_lib_core.o)
    0x08003b3a   0x0000000a   Code   RO         3954    i.USBD_StatusOutStage  USB_CM3_L.lib(usbd_lib_core.o)
    0x08003b44   0x00000030   Code   RO         3955    i.USBD_StatusOutStageDone  USB_CM3_L.lib(usbd_lib_core.o)
    0x08003b74   0x00000038   Code   RO          725    i.USBD_Uninitialize  usbd_stm32f10x.o
    0x08003bac   0x00000004   Code   RO         2782    i.USBD_osDelay      usbd_config_0.o
    0x08003bb0   0x00000004   Code   RO         2783    i.USBD_osSemaphoreCreate  usbd_config_0.o
    0x08003bb4   0x00000004   Code   RO         2785    i.USBD_osSemaphoreRelease  usbd_config_0.o
    0x08003bb8   0x00000004   Code   RO         2786    i.USBD_osSemaphoreWait  usbd_config_0.o
    0x08003bbc   0x00000004   Code   RO         2788    i.USBD_osSignalSet  usbd_config_0.o
    0x08003bc0   0x00000014   Code   RO         2789    i.USBD_osSignalWait  usbd_config_0.o
    0x08003bd4   0x00000004   Code   RO         2790    i.USBD_osThreadCreate  usbd_config_0.o
    0x08003bd8   0x00000004   Code   RO         2796    i.USBD_osTimerCreate  usbd_config_0.o
    0x08003bdc   0x00000004   Code   RO         2798    i.USBD_osTimerStart  usbd_config_0.o
    0x08003be0   0x00000004   Code   RO         2799    i.USBD_osTimerStop  usbd_config_0.o
    0x08003be4   0x0000016c   Code   RO          726    i.USB_LP_CAN1_RX0_IRQHandler  usbd_stm32f10x.o
    0x08003d50   0x00000056   Code   RO            4    i._Z15SetSysClockTo72v  main.o
    0x08003da6   0x00000002   PAD
    0x08003da8   0x00000040   Code   RO            5    i._Z4Initv          main.o
    0x08003de8   0x0000000c   Code   RO          204    i._ZN3ADC11StopReadingEv  adc.o
    0x08003df4   0x0000001c   Code   RO          205    i._ZN3ADC12StartReadingEv  adc.o
    0x08003e10   0x0000005c   Code   RO          206    i._ZN3ADC21GetPhotoresistorValueEv  adc.o
    0x08003e6c   0x00000074   Code   RO          207    i._ZN3ADC4InitEv    adc.o
    0x08003ee0   0x0000002c   Code   RO          208    i._ZN3ADC9CalibrateEv  adc.o
    0x08003f0c   0x00000040   Code   RO          255    i._ZN3PWM10UpdateDutyEf  pwm.o
    0x08003f4c   0x00000088   Code   RO          256    i._ZN3PWM4InitEv    pwm.o
    0x08003fd4   0x0000002c   Code   RO          257    i._ZN3PWM6EnableEv  pwm.o
    0x08004000   0x00000034   Code   RO          258    i._ZN3PWM7DisableEv  pwm.o
    0x08004034   0x000000b8   Code   RO          259    i._ZN3PWM7InitLEDEv  pwm.o
    0x080040ec   0x0000004c   Code   RO          588    i._ZN5Flash12ReadSettingsEv  flash.o
    0x08004138   0x00000038   Code   RO          589    i._ZN5Flash13WriteSettingsEv  flash.o
    0x08004170   0x00000044   Code   RO          590    i._ZN5Flash21WriteSettingsIfNeededEv  flash.o
    0x080041b4   0x00000014   Code   RO          591    i._ZN5Flash31StartOrUpdateSettingsWriteTimerEv  flash.o
    0x080041c8   0x00000012   Code   RO          592    i._ZN5Flash4InitEv  flash.o
    0x080041da   0x00000002   PAD
    0x080041dc   0x00000040   Code   RO          358    i._ZN6Supply17StartSleepingModeEb  supply.o
    0x0800421c   0x0000000c   Code   RO          359    i._ZN6Supply20SleepingModeIsActiveEv  supply.o
    0x08004228   0x0000000c   Code   RO          360    i._ZN6Supply20SleepingModeIsForcedEv  supply.o
    0x08004234   0x00000034   Code   RO          361    i._ZN6Supply21AwakeFromSleepingModeEv  supply.o
    0x08004268   0x0000006c   Code   RO          362    i._ZN6Supply23CheckSleepingModeButtonEv  supply.o
    0x080042d4   0x0000001c   Code   RO          163    i._ZN6Timing16InitSysTickTimerEv  timing.o
    0x080042f0   0x00000010   Code   RO          164    i._ZN6Timing21IncrementTimerCounterEPKv  timing.o
    0x08004300   0x0000000c   Code   RO          165    i._ZN6Timing6MillisEv  timing.o
    0x0800430c   0x00000044   Code   RO          459    i._ZN7USB_HID10SendReportEhPh  usb hid.o
    0x08004350   0x00000050   Code   RO          460    i._ZN7USB_HID12SendSettingsEv  usb hid.o
    0x080043a0   0x00000006   Code   RO          461    i._ZN7USB_HID4InitEv  usb hid.o
    0x080043a6   0x00000032   Code   RO          313    i._ZN9RTCModule13CounterToTimeEjP15RTC_TimeTypeDef  rtc.o
    0x080043d8   0x00000020   Code   RO          314    i._ZN9RTCModule13TimeToCounterEP15RTC_TimeTypeDef  rtc.o
    0x080043f8   0x00000060   Code   RO          315    i._ZN9RTCModule4InitEv  rtc.o
    0x08004458   0x00000020   Code   RO          316    i._ZN9RTCModule8ResetRTCEv  rtc.o
    0x08004478   0x00000008   Code   RO         4703    i._ZdaPv            cpprt_w.l(array_del.o)
    0x08004480   0x00000008   Code   RO         4751    i._ZdlPv            cpprt_w.l(delete.o)
    0x08004488   0x00000008   Code   RO         4706    i._Znaj             cpprt_w.l(array_new.o)
    0x08004490   0x00000028   Code   RO         4754    i._Znwj             cpprt_w.l(new.o)
    0x080044b8   0x00000026   Code   RO         4774    i.__ARM_fpclassifyf  m_ws.l(fpclassifyf.o)
    0x080044de   0x0000000a   Code   RO         4776    i.__mathlib_flt_divzero  m_ws.l(funder.o)
    0x080044e8   0x00000004   Code   RO         4778    i.__mathlib_flt_infnan2  m_ws.l(funder.o)
    0x080044ec   0x00000008   Code   RO         4779    i.__mathlib_flt_invalid  m_ws.l(funder.o)
    0x080044f4   0x0000000a   Code   RO         4780    i.__mathlib_flt_overflow  m_ws.l(funder.o)
    0x080044fe   0x0000000a   Code   RO         4782    i.__mathlib_flt_underflow  m_ws.l(funder.o)
    0x08004508   0x0000000e   Code   RO         5032    i.__scatterload_copy  mc_w.l(handlers.o)
    0x08004516   0x00000002   Code   RO         5033    i.__scatterload_null  mc_w.l(handlers.o)
    0x08004518   0x0000000e   Code   RO         5034    i.__scatterload_zeroinit  mc_w.l(handlers.o)
    0x08004526   0x00000002   PAD
    0x08004528   0x0000000c   Code   RO         4810    i.__set_errno       mc_w.l(errno.o)
    0x08004534   0x00000046   Code   RO         4542    i._init_box         RTX_CM3.lib(rt_membox.o)
    0x0800457a   0x00000002   PAD
    0x0800457c   0x00000030   Code   RO         4595    i.dbg_init          RTX_CM3.lib(hal_cm.o)
    0x080045ac   0x00000020   Code   RO         4596    i.dbg_task_notify   RTX_CM3.lib(hal_cm.o)
    0x080045cc   0x00000010   Code   RO         4597    i.dbg_task_switch   RTX_CM3.lib(hal_cm.o)
    0x080045dc   0x00000050   Code   RO         4955    i.free              mc_w.l(malloc.o)
    0x0800462c   0x0000002a   Code   RO         3306    i.isrMessageGet     RTX_CM3.lib(rt_cmsis.o)
    0x08004656   0x0000002c   Code   RO         3307    i.isrMessagePut     RTX_CM3.lib(rt_cmsis.o)
    0x08004682   0x00000028   Code   RO         3308    i.isrSemaphoreRelease  RTX_CM3.lib(rt_cmsis.o)
    0x080046aa   0x00000024   Code   RO         3309    i.isrSignalSet      RTX_CM3.lib(rt_cmsis.o)
    0x080046ce   0x00000002   PAD
    0x080046d0   0x00000028   Code   RO         4266    i.isr_evt_set       RTX_CM3.lib(rt_event.o)
    0x080046f8   0x00000056   Code   RO         4388    i.isr_mbx_receive   RTX_CM3.lib(rt_mailbox.o)
    0x0800474e   0x0000000e   Code   RO         4389    i.isr_mbx_send      RTX_CM3.lib(rt_mailbox.o)
    0x0800475c   0x00000010   Code   RO         4436    i.isr_sem_send      RTX_CM3.lib(rt_semaphore.o)
    0x0800476c   0x0000016c   Code   RO            6    i.main              main.o
    0x080048d8   0x0000006c   Code   RO         4956    i.malloc            mc_w.l(malloc.o)
    0x08004944   0x00000018   Code   RO         3310    i.osDelay           RTX_CM3.lib(rt_cmsis.o)
    0x0800495c   0x00000024   Code   RO         3311    i.osKernelInitialize  RTX_CM3.lib(rt_cmsis.o)
    0x08004980   0x0000006c   Code   RO         3313    i.osKernelStart     RTX_CM3.lib(rt_cmsis.o)
    0x080049ec   0x00000018   Code   RO         3322    i.osMessageGet      RTX_CM3.lib(rt_cmsis.o)
    0x08004a04   0x0000002c   Code   RO         3332    i.osSemaphoreCreate  RTX_CM3.lib(rt_cmsis.o)
    0x08004a30   0x00000018   Code   RO         3334    i.osSemaphoreRelease  RTX_CM3.lib(rt_cmsis.o)
    0x08004a48   0x00000018   Code   RO         3335    i.osSemaphoreWait   RTX_CM3.lib(rt_cmsis.o)
    0x08004a60   0x00000018   Code   RO         3337    i.osSignalSet       RTX_CM3.lib(rt_cmsis.o)
    0x08004a78   0x00000018   Code   RO         3338    i.osSignalWait      RTX_CM3.lib(rt_cmsis.o)
    0x08004a90   0x0000002c   Code   RO         3339    i.osThreadCreate    RTX_CM3.lib(rt_cmsis.o)
    0x08004abc   0x00000018   Code   RO         3340    i.osThreadExit      RTX_CM3.lib(rt_cmsis.o)
    0x08004ad4   0x0000000c   Code   RO         3346    i.osTimerCall       RTX_CM3.lib(rt_cmsis.o)
    0x08004ae0   0x0000002c   Code   RO         3347    i.osTimerCreate     RTX_CM3.lib(rt_cmsis.o)
    0x08004b0c   0x00000018   Code   RO         3349    i.osTimerStart      RTX_CM3.lib(rt_cmsis.o)
    0x08004b24   0x00000018   Code   RO         3350    i.osTimerStop       RTX_CM3.lib(rt_cmsis.o)
    0x08004b3c   0x0000002c   Code   RO         3351    i.osTimerThread     RTX_CM3.lib(rt_cmsis.o)
    0x08004b68   0x00000002   Code   RO          636    i.os_error          rtx_conf_cm.o
    0x08004b6a   0x00000002   Code   RO          637    i.os_idle_demon     rtx_conf_cm.o
    0x08004b6c   0x00000028   Code   RO         4176    i.os_tick_init      RTX_CM3.lib(rt_system.o)
    0x08004b94   0x00000002   Code   RO         4177    i.os_tick_irqack    RTX_CM3.lib(rt_system.o)
    0x08004b96   0x00000002   PAD
    0x08004b98   0x00000620   Code   RO         4711    i.powf              m_ws.l(powf.o)
    0x080051b8   0x0000001a   Code   RO         4543    i.rt_alloc_box      RTX_CM3.lib(rt_membox.o)
    0x080051d2   0x0000003e   Code   RO         4571    i.rt_alloc_mem      RTX_CM3.lib(rt_memory.o)
    0x08005210   0x00000038   Code   RO         4091    i.rt_block          RTX_CM3.lib(rt_task.o)
    0x08005248   0x00000048   Code   RO         4669    i.rt_chk_robin      RTX_CM3.lib(rt_robin.o)
    0x08005290   0x00000070   Code   RO         4312    i.rt_dec_dly        RTX_CM3.lib(rt_list.o)
    0x08005300   0x00000044   Code   RO         4092    i.rt_dispatch       RTX_CM3.lib(rt_task.o)
    0x08005344   0x00000006   Code   RO         4478    i.rt_dly_wait       RTX_CM3.lib(rt_time.o)
    0x0800534a   0x00000002   PAD
    0x0800534c   0x00000050   Code   RO         4269    i.rt_evt_psh        RTX_CM3.lib(rt_event.o)
    0x0800539c   0x0000005c   Code   RO         4270    i.rt_evt_set        RTX_CM3.lib(rt_event.o)
    0x080053f8   0x0000003c   Code   RO         4271    i.rt_evt_wait       RTX_CM3.lib(rt_event.o)
    0x08005434   0x0000002c   Code   RO         4544    i.rt_free_box       RTX_CM3.lib(rt_membox.o)
    0x08005460   0x00000028   Code   RO         4572    i.rt_free_mem       RTX_CM3.lib(rt_memory.o)
    0x08005488   0x00000028   Code   RO         4313    i.rt_get_first      RTX_CM3.lib(rt_list.o)
    0x080054b0   0x00000008   Code   RO         3356    i.rt_id2obj         RTX_CM3.lib(rt_cmsis.o)
    0x080054b8   0x00000048   Code   RO         4093    i.rt_init_context   RTX_CM3.lib(rt_task.o)
    0x08005500   0x0000001a   Code   RO         4573    i.rt_init_mem       RTX_CM3.lib(rt_memory.o)
    0x0800551a   0x00000002   PAD
    0x0800551c   0x00000018   Code   RO         4670    i.rt_init_robin     RTX_CM3.lib(rt_robin.o)
    0x08005534   0x00000080   Code   RO         4598    i.rt_init_stack     RTX_CM3.lib(hal_cm.o)
    0x080055b4   0x00000008   Code   RO         4390    i.rt_mbx_check      RTX_CM3.lib(rt_mailbox.o)
    0x080055bc   0x0000001a   Code   RO         4391    i.rt_mbx_init       RTX_CM3.lib(rt_mailbox.o)
    0x080055d6   0x00000002   PAD
    0x080055d8   0x000000f0   Code   RO         4392    i.rt_mbx_psh        RTX_CM3.lib(rt_mailbox.o)
    0x080056c8   0x000000b4   Code   RO         4394    i.rt_mbx_wait       RTX_CM3.lib(rt_mailbox.o)
    0x0800577c   0x00000044   Code   RO         3357    i.rt_ms2tick        RTX_CM3.lib(rt_cmsis.o)
    0x080057c0   0x0000007c   Code   RO         4180    i.rt_pop_req        RTX_CM3.lib(rt_system.o)
    0x0800583c   0x00000020   Code   RO         4181    i.rt_psh_req        RTX_CM3.lib(rt_system.o)
    0x0800585c   0x0000005c   Code   RO         4315    i.rt_psq_enq        RTX_CM3.lib(rt_list.o)
    0x080058b8   0x00000048   Code   RO         4316    i.rt_put_dly        RTX_CM3.lib(rt_list.o)
    0x08005900   0x00000036   Code   RO         4317    i.rt_put_prio       RTX_CM3.lib(rt_list.o)
    0x08005936   0x00000002   PAD
    0x08005938   0x00000014   Code   RO         4318    i.rt_put_rdy_first  RTX_CM3.lib(rt_list.o)
    0x0800594c   0x00000034   Code   RO         4319    i.rt_resort_prio    RTX_CM3.lib(rt_list.o)
    0x08005980   0x00000006   Code   RO         4599    i.rt_ret_val        RTX_CM3.lib(hal_cm.o)
    0x08005986   0x00000008   Code   RO         4600    i.rt_ret_val2       RTX_CM3.lib(hal_cm.o)
    0x0800598e   0x00000028   Code   RO         4320    i.rt_rmv_dly        RTX_CM3.lib(rt_list.o)
    0x080059b6   0x00000002   PAD
    0x080059b8   0x00000030   Code   RO         4321    i.rt_rmv_list       RTX_CM3.lib(rt_list.o)
    0x080059e8   0x0000000c   Code   RO         4438    i.rt_sem_init       RTX_CM3.lib(rt_semaphore.o)
    0x080059f4   0x00000034   Code   RO         4439    i.rt_sem_psh        RTX_CM3.lib(rt_semaphore.o)
    0x08005a28   0x0000002a   Code   RO         4440    i.rt_sem_send       RTX_CM3.lib(rt_semaphore.o)
    0x08005a52   0x00000002   PAD
    0x08005a54   0x00000040   Code   RO         4441    i.rt_sem_wait       RTX_CM3.lib(rt_semaphore.o)
    0x08005a94   0x00000024   Code   RO         4183    i.rt_stk_check      RTX_CM3.lib(rt_system.o)
    0x08005ab8   0x00000028   Code   RO         4094    i.rt_switch_req     RTX_CM3.lib(rt_task.o)
    0x08005ae0   0x000000cc   Code   RO         4095    i.rt_sys_init       RTX_CM3.lib(rt_task.o)
    0x08005bac   0x00000078   Code   RO         4096    i.rt_sys_start      RTX_CM3.lib(rt_task.o)
    0x08005c24   0x00000040   Code   RO         4185    i.rt_systick        RTX_CM3.lib(rt_system.o)
    0x08005c64   0x00000012   Code   RO         3358    i.rt_tid2ptcb       RTX_CM3.lib(rt_cmsis.o)
    0x08005c76   0x00000002   PAD
    0x08005c78   0x00000034   Code   RO         3359    i.rt_timer_insert   RTX_CM3.lib(rt_cmsis.o)
    0x08005cac   0x0000003c   Code   RO         3360    i.rt_timer_remove   RTX_CM3.lib(rt_cmsis.o)
    0x08005ce8   0x00000088   Code   RO         4097    i.rt_tsk_create     RTX_CM3.lib(rt_task.o)
    0x08005d70   0x0000017c   Code   RO         4098    i.rt_tsk_delete     RTX_CM3.lib(rt_task.o)
    0x08005eec   0x0000007c   Code   RO         4100    i.rt_tsk_prio       RTX_CM3.lib(rt_task.o)
    0x08005f68   0x00000010   Code   RO         4101    i.rt_tsk_self       RTX_CM3.lib(rt_task.o)
    0x08005f78   0x00000012   Code   RO         3361    i.svcDelay          RTX_CM3.lib(rt_cmsis.o)
    0x08005f8a   0x00000002   PAD
    0x08005f8c   0x00000070   Code   RO         3362    i.svcKernelInitialize  RTX_CM3.lib(rt_cmsis.o)
    0x08005ffc   0x00000048   Code   RO         3364    i.svcKernelStart    RTX_CM3.lib(rt_cmsis.o)
    0x08006044   0x00000024   Code   RO         3367    i.svcMessageCreate  RTX_CM3.lib(rt_cmsis.o)
    0x08006068   0x0000003a   Code   RO         3368    i.svcMessageGet     RTX_CM3.lib(rt_cmsis.o)
    0x080060a2   0x00000024   Code   RO         3375    i.svcSemaphoreCreate  RTX_CM3.lib(rt_cmsis.o)
    0x080060c6   0x00000028   Code   RO         3377    i.svcSemaphoreRelease  RTX_CM3.lib(rt_cmsis.o)
    0x080060ee   0x00000032   Code   RO         3378    i.svcSemaphoreWait  RTX_CM3.lib(rt_cmsis.o)
    0x08006120   0x00000024   Code   RO         3380    i.svcSignalSet      RTX_CM3.lib(rt_cmsis.o)
    0x08006144   0x00000054   Code   RO         3381    i.svcSignalWait     RTX_CM3.lib(rt_cmsis.o)
    0x08006198   0x0000006c   Code   RO         3382    i.svcThreadCreate   RTX_CM3.lib(rt_cmsis.o)
    0x08006204   0x0000001c   Code   RO         3383    i.svcThreadGetId    RTX_CM3.lib(rt_cmsis.o)
    0x08006220   0x00000038   Code   RO         3386    i.svcThreadTerminate  RTX_CM3.lib(rt_cmsis.o)
    0x08006258   0x00000018   Code   RO         3388    i.svcTimerCall      RTX_CM3.lib(rt_cmsis.o)
    0x08006270   0x00000038   Code   RO         3389    i.svcTimerCreate    RTX_CM3.lib(rt_cmsis.o)
    0x080062a8   0x00000064   Code   RO         3391    i.svcTimerStart     RTX_CM3.lib(rt_cmsis.o)
    0x0800630c   0x00000024   Code   RO         3392    i.svcTimerStop      RTX_CM3.lib(rt_cmsis.o)
    0x08006330   0x0000005c   Code   RO         3397    i.sysTimerTick      RTX_CM3.lib(rt_cmsis.o)
    0x0800638c   0x00000008   Data   RO          170    .constdata          timing.o
    0x08006394   0x00000004   Data   RO          267    .constdata          pwm.o
    0x08006398   0x00000002   Data   RO          644    .constdata          rtx_conf_cm.o
    0x0800639a   0x00000002   PAD
    0x0800639c   0x00000004   Data   RO          645    .constdata          rtx_conf_cm.o
    0x080063a0   0x00000004   Data   RO          646    .constdata          rtx_conf_cm.o
    0x080063a4   0x00000004   Data   RO          650    .constdata          rtx_conf_cm.o
    0x080063a8   0x00000001   Data   RO          651    .constdata          rtx_conf_cm.o
    0x080063a9   0x00000003   PAD
    0x080063ac   0x00000020   Data   RO          652    .constdata          rtx_conf_cm.o
    0x080063cc   0x00000002   Data   RO          653    .constdata          rtx_conf_cm.o
    0x080063ce   0x00000002   PAD
    0x080063d0   0x00000004   Data   RO          654    .constdata          rtx_conf_cm.o
    0x080063d4   0x00000004   Data   RO          655    .constdata          rtx_conf_cm.o
    0x080063d8   0x00000001   Data   RO          656    .constdata          rtx_conf_cm.o
    0x080063d9   0x00000003   PAD
    0x080063dc   0x00000010   Data   RO          657    .constdata          rtx_conf_cm.o
    0x080063ec   0x00000008   Data   RO          658    .constdata          rtx_conf_cm.o
    0x080063f4   0x00000002   Data   RO          659    .constdata          rtx_conf_cm.o
    0x080063f6   0x00000002   PAD
    0x080063f8   0x00000028   Data   RO          728    .constdata          usbd_stm32f10x.o
    0x08006420   0x00000048   Data   RO          729    .constdata          usbd_stm32f10x.o
    0x08006468   0x00000010   Data   RO         2807    .constdata          usbd_config_0.o
    0x08006478   0x00000018   Data   RO         2808    .constdata          usbd_config_0.o
    0x08006490   0x00000004   Data   RO         2809    .constdata          usbd_config_0.o
    0x08006494   0x00000004   Data   RO         2810    .constdata          usbd_config_0.o
    0x08006498   0x00000004   Data   RO         2811    .constdata          usbd_config_0.o
    0x0800649c   0x00000004   Data   RO         2812    .constdata          usbd_config_0.o
    0x080064a0   0x00000004   Data   RO         2813    .constdata          usbd_config_0.o
    0x080064a4   0x00000004   Data   RO         2814    .constdata          usbd_config_0.o
    0x080064a8   0x00000004   Data   RO         2815    .constdata          usbd_config_0.o
    0x080064ac   0x00000004   Data   RO         2816    .constdata          usbd_config_0.o
    0x080064b0   0x00000004   Data   RO         2817    .constdata          usbd_config_0.o
    0x080064b4   0x00000004   Data   RO         2818    .constdata          usbd_config_0.o
    0x080064b8   0x00000004   Data   RO         2819    .constdata          usbd_config_0.o
    0x080064bc   0x00000004   Data   RO         2820    .constdata          usbd_config_0.o
    0x080064c0   0x00000004   Data   RO         2821    .constdata          usbd_config_0.o
    0x080064c4   0x00000004   Data   RO         2822    .constdata          usbd_config_0.o
    0x080064c8   0x00000004   Data   RO         2823    .constdata          usbd_config_0.o
    0x080064cc   0x00000004   Data   RO         2824    .constdata          usbd_config_0.o
    0x080064d0   0x00000004   Data   RO         2825    .constdata          usbd_config_0.o
    0x080064d4   0x00000004   Data   RO         2826    .constdata          usbd_config_0.o
    0x080064d8   0x00000004   Data   RO         2827    .constdata          usbd_config_0.o
    0x080064dc   0x00000004   Data   RO         2828    .constdata          usbd_config_0.o
    0x080064e0   0x00000004   Data   RO         2829    .constdata          usbd_config_0.o
    0x080064e4   0x00000004   Data   RO         2830    .constdata          usbd_config_0.o
    0x080064e8   0x00000004   Data   RO         2831    .constdata          usbd_config_0.o
    0x080064ec   0x00000004   Data   RO         2832    .constdata          usbd_config_0.o
    0x080064f0   0x00000004   Data   RO         2833    .constdata          usbd_config_0.o
    0x080064f4   0x00000004   Data   RO         2834    .constdata          usbd_config_0.o
    0x080064f8   0x00000004   Data   RO         2835    .constdata          usbd_config_0.o
    0x080064fc   0x00000004   Data   RO         2836    .constdata          usbd_config_0.o
    0x08006500   0x00000004   Data   RO         2837    .constdata          usbd_config_0.o
    0x08006504   0x00000004   Data   RO         2838    .constdata          usbd_config_0.o
    0x08006508   0x00000004   Data   RO         2839    .constdata          usbd_config_0.o
    0x0800650c   0x00000004   Data   RO         2840    .constdata          usbd_config_0.o
    0x08006510   0x00000004   Data   RO         2841    .constdata          usbd_config_0.o
    0x08006514   0x00000004   Data   RO         2842    .constdata          usbd_config_0.o
    0x08006518   0x00000080   Data   RO         2843    .constdata          usbd_config_0.o
    0x08006598   0x00000001   Data   RO         2844    .constdata          usbd_config_0.o
    0x08006599   0x00000003   PAD
    0x0800659c   0x00000004   Data   RO         2845    .constdata          usbd_config_0.o
    0x080065a0   0x00000010   Data   RO         2846    .constdata          usbd_config_0.o
    0x080065b0   0x00000004   Data   RO         2847    .constdata          usbd_config_0.o
    0x080065b4   0x00000008   Data   RO         2848    .constdata          usbd_config_0.o
    0x080065bc   0x00000004   Data   RO         2849    .constdata          usbd_config_0.o
    0x080065c0   0x00000004   Data   RO         2850    .constdata          usbd_config_0.o
    0x080065c4   0x00000004   Data   RO         2851    .constdata          usbd_config_0.o
    0x080065c8   0x00000001   Data   RO         2852    .constdata          usbd_config_0.o
    0x080065c9   0x00000003   PAD
    0x080065cc   0x00000038   Data   RO         2853    .constdata          usbd_config_0.o
    0x08006604   0x00000001   Data   RO         2854    .constdata          usbd_config_0.o
    0x08006605   0x00000003   PAD
    0x08006608   0x00000004   Data   RO         2855    .constdata          usbd_config_0.o
    0x0800660c   0x00000004   Data   RO         2856    .constdata          usbd_config_0.o
    0x08006610   0x00000004   Data   RO         2857    .constdata          usbd_config_0.o
    0x08006614   0x00000004   Data   RO         2858    .constdata          usbd_config_0.o
    0x08006618   0x00000004   Data   RO         2860    .constdata          usbd_config_0.o
    0x0800661c   0x00000004   Data   RO         2861    .constdata          usbd_config_0.o
    0x08006620   0x00000004   Data   RO         2862    .constdata          usbd_config_0.o
    0x08006624   0x00000004   Data   RO         2863    .constdata          usbd_config_0.o
    0x08006628   0x00000004   Data   RO         2864    .constdata          usbd_config_0.o
    0x0800662c   0x00000004   Data   RO         2866    .constdata          usbd_config_0.o
    0x08006630   0x00000004   Data   RO         2867    .constdata          usbd_config_0.o
    0x08006634   0x00000004   Data   RO         2868    .constdata          usbd_config_0.o
    0x08006638   0x00000004   Data   RO         2869    .constdata          usbd_config_0.o
    0x0800663c   0x00000004   Data   RO         2870    .constdata          usbd_config_0.o
    0x08006640   0x00000004   Data   RO         2871    .constdata          usbd_config_0.o
    0x08006644   0x00000004   Data   RO         2872    .constdata          usbd_config_0.o
    0x08006648   0x00000004   Data   RO         2873    .constdata          usbd_config_0.o
    0x0800664c   0x00000004   Data   RO         2874    .constdata          usbd_config_0.o
    0x08006650   0x00000004   Data   RO         2875    .constdata          usbd_config_0.o
    0x08006654   0x00000004   Data   RO         2876    .constdata          usbd_config_0.o
    0x08006658   0x00000004   Data   RO         2877    .constdata          usbd_config_0.o
    0x0800665c   0x00000021   Data   RO         2878    .constdata          usbd_config_0.o
    0x0800667d   0x00000003   PAD
    0x08006680   0x00000004   Data   RO         2879    .constdata          usbd_config_0.o
    0x08006684   0x00000007   Data   RO         2880    .constdata          usbd_config_0.o
    0x0800668b   0x00000012   Data   RO         2881    .constdata          usbd_config_0.o
    0x0800669d   0x0000002a   Data   RO         2882    .constdata          usbd_config_0.o
    0x080066c7   0x00000001   Data   RO         2883    .constdata          usbd_config_0.o
    0x080066c8   0x00000001   Data   RO         2884    .constdata          usbd_config_0.o
    0x080066c9   0x00000001   Data   RO         2885    .constdata          usbd_config_0.o
    0x080066ca   0x00000001   Data   RO         2886    .constdata          usbd_config_0.o
    0x080066cb   0x00000001   Data   RO         2887    .constdata          usbd_config_0.o
    0x080066cc   0x00000080   Data   RO         2888    .constdata          usbd_config_0.o
    0x0800674c   0x00000020   Data   RO         4063    .constdata          USB_CM3_L.lib(usbd_lib_hid.o)
    0x0800676c   0x00000140   Data   RO         4712    .constdata          m_ws.l(powf.o)
    0x080068ac   0x00000020   Data   RO         5031    Region$$Table       anon$$obj.o


    Execution Region ER_RW (Base: 0x20000000, Size: 0x00000220, Max: 0xffffffff, ABSOLUTE, COMPRESSED[0x00000048])

    Base Addr    Size         Type   Attr      Idx    E Section Name        Object

    0x20000000   0x00000008   Data   RW           10    .data               main.o
    0x20000008   0x00000004   Data   RW          171    .data               timing.o
    0x2000000c   0x00000004   Data   RW          214    .data               adc.o
    0x20000010   0x00000001   Data   RW          268    .data               pwm.o
    0x20000011   0x00000003   Data   RW          321    .data               rtc.o
    0x20000014   0x00000003   Data   RW          322    .data               rtc.o
    0x20000017   0x00000001   PAD
    0x20000018   0x00000010   Data   RW          368    .data               supply.o
    0x20000028   0x00000004   Data   RW          470    .data               usb hid.o
    0x2000002c   0x00000010   Data   RW          598    .data               flash.o
    0x2000003c   0x00000004   Data   RW          661    .data               rtx_conf_cm.o
    0x20000040   0x00000004   Data   RW          662    .data               rtx_conf_cm.o
    0x20000044   0x00000004   Data   RW          663    .data               rtx_conf_cm.o
    0x20000048   0x0000001c   Data   RW          730    .data               usbd_stm32f10x.o
    0x20000064   0x00000008   Data   RW         2889    .data               usbd_config_0.o
    0x2000006c   0x00000008   Data   RW         2890    .data               usbd_config_0.o
    0x20000074   0x00000008   Data   RW         2891    .data               usbd_config_0.o
    0x2000007c   0x00000008   Data   RW         2892    .data               usbd_config_0.o
    0x20000084   0x00000008   Data   RW         2893    .data               usbd_config_0.o
    0x2000008c   0x00000008   Data   RW         2894    .data               usbd_config_0.o
    0x20000094   0x00000008   Data   RW         2895    .data               usbd_config_0.o
    0x2000009c   0x00000008   Data   RW         2896    .data               usbd_config_0.o
    0x200000a4   0x00000008   Data   RW         2897    .data               usbd_config_0.o
    0x200000ac   0x00000008   Data   RW         2898    .data               usbd_config_0.o
    0x200000b4   0x00000008   Data   RW         2899    .data               usbd_config_0.o
    0x200000bc   0x00000008   Data   RW         2900    .data               usbd_config_0.o
    0x200000c4   0x00000008   Data   RW         2901    .data               usbd_config_0.o
    0x200000cc   0x00000008   Data   RW         2902    .data               usbd_config_0.o
    0x200000d4   0x00000008   Data   RW         2903    .data               usbd_config_0.o
    0x200000dc   0x00000008   Data   RW         2904    .data               usbd_config_0.o
    0x200000e4   0x00000008   Data   RW         2905    .data               usbd_config_0.o
    0x200000ec   0x00000008   Data   RW         2906    .data               usbd_config_0.o
    0x200000f4   0x00000008   Data   RW         2907    .data               usbd_config_0.o
    0x200000fc   0x00000008   Data   RW         2908    .data               usbd_config_0.o
    0x20000104   0x00000008   Data   RW         2909    .data               usbd_config_0.o
    0x2000010c   0x00000008   Data   RW         2910    .data               usbd_config_0.o
    0x20000114   0x00000008   Data   RW         2911    .data               usbd_config_0.o
    0x2000011c   0x00000008   Data   RW         2912    .data               usbd_config_0.o
    0x20000124   0x00000008   Data   RW         2913    .data               usbd_config_0.o
    0x2000012c   0x00000008   Data   RW         2914    .data               usbd_config_0.o
    0x20000134   0x00000008   Data   RW         2915    .data               usbd_config_0.o
    0x2000013c   0x00000008   Data   RW         2916    .data               usbd_config_0.o
    0x20000144   0x00000008   Data   RW         2917    .data               usbd_config_0.o
    0x2000014c   0x00000008   Data   RW         2918    .data               usbd_config_0.o
    0x20000154   0x00000008   Data   RW         2919    .data               usbd_config_0.o
    0x2000015c   0x00000008   Data   RW         2920    .data               usbd_config_0.o
    0x20000164   0x00000008   Data   RW         2921    .data               usbd_config_0.o
    0x2000016c   0x00000008   Data   RW         2922    .data               usbd_config_0.o
    0x20000174   0x00000004   Data   RW         2923    .data               usbd_config_0.o
    0x20000178   0x00000008   Data   RW         2924    .data               usbd_config_0.o
    0x20000180   0x00000008   Data   RW         2925    .data               usbd_config_0.o
    0x20000188   0x00000024   Data   RW         2926    .data               usbd_config_0.o
    0x200001ac   0x00000004   Data   RW         2927    .data               usbd_config_0.o
    0x200001b0   0x00000001   Data   RW         2928    .data               usbd_config_0.o
    0x200001b1   0x00000003   PAD
    0x200001b4   0x00000008   Data   RW         2929    .data               usbd_config_0.o
    0x200001bc   0x00000004   Data   RW         2930    .data               usbd_config_0.o
    0x200001c0   0x00000004   Data   RW         2931    .data               usbd_config_0.o
    0x200001c4   0x00000004   Data   RW         2932    .data               usbd_config_0.o
    0x200001c8   0x00000004   Data   RW         2933    .data               usbd_config_0.o
    0x200001cc   0x00000004   Data   RW         2934    .data               usbd_config_0.o
    0x200001d0   0x00000002   Data   RW         2935    .data               usbd_config_0.o
    0x200001d2   0x00000002   Data   RW         2936    .data               usbd_config_0.o
    0x200001d4   0x00000001   Data   RW         2937    .data               usbd_config_0.o
    0x200001d5   0x00000001   PAD
    0x200001d6   0x00000004   Data   RW         2938    .data               usbd_config_0.o
    0x200001da   0x00000002   PAD
    0x200001dc   0x00000004   Data   RW         2939    .data               usbd_config_0.o
    0x200001e0   0x00000008   Data   RW         3400    .data               RTX_CM3.lib(rt_cmsis.o)
    0x200001e8   0x00000008   Data   RW         4103    .data               RTX_CM3.lib(rt_task.o)
    0x200001f0   0x00000008   Data   RW         4188    .data               RTX_CM3.lib(rt_system.o)
    0x200001f8   0x00000004   Data   RW         4482    .data               RTX_CM3.lib(rt_time.o)
    0x200001fc   0x00000001   Data   RW         4601    .data               RTX_CM3.lib(hal_cm.o)
    0x200001fd   0x00000003   PAD
    0x20000200   0x00000008   Data   RW         4671    .data               RTX_CM3.lib(rt_robin.o)
    0x20000208   0x00000004   Data   RW         4811    .data               mc_w.l(errno.o)
    0x2000020c   0x0000000c   Data   RW         4984    .data               mc_w.l(cpp_memory.o)
    0x20000218   0x00000004   Data   RW         5012    .data               mc_w.l(mvars.o)
    0x2000021c   0x00000004   Data   RW         5013    .data               mc_w.l(mvars.o)


    Execution Region ER_ZI (Base: 0x20000220, Size: 0x00001570, Max: 0xffffffff, ABSOLUTE)

    Base Addr    Size         Type   Attr      Idx    E Section Name        Object

    0x20000220   0x00000018   Zero   RW          169    .bss                timing.o
    0x20000238   0x00000020   Zero   RW          638    .bss                rtx_conf_cm.o
    0x20000258   0x00000178   Zero   RW          639    .bss                rtx_conf_cm.o
    0x200003d0   0x00000330   Zero   RW          640    .bss                rtx_conf_cm.o
    0x20000700   0x000006f8   Zero   RW          641    .bss                rtx_conf_cm.o
    0x20000df8   0x00000084   Zero   RW          642    .bss                rtx_conf_cm.o
    0x20000e7c   0x0000001c   Zero   RW          643    .bss                rtx_conf_cm.o
    0x20000e98   0x00000168   Zero   RW          727    .bss                usbd_stm32f10x.o
    0x20001000   0x00000050   Zero   RW         2800    .bss                usbd_config_0.o
    0x20001050   0x00000080   Zero   RW         2801    .bss                usbd_config_0.o
    0x200010d0   0x00000018   Zero   RW         2802    .bss                usbd_config_0.o
    0x200010e8   0x00000009   Zero   RW         2803    .bss                usbd_config_0.o
    0x200010f1   0x00000003   PAD
    0x200010f4   0x00000009   Zero   RW         2804    .bss                usbd_config_0.o
    0x200010fd   0x00000003   PAD
    0x20001100   0x00000009   Zero   RW         2805    .bss                usbd_config_0.o
    0x20001109   0x00000003   PAD
    0x2000110c   0x00000020   Zero   RW         2806    .bss                usbd_config_0.o
    0x2000112c   0x00000034   Zero   RW         4102    .bss                RTX_CM3.lib(rt_task.o)
    0x20001160   0x00000030   Zero   RW         4322    .bss                RTX_CM3.lib(rt_list.o)
    0x20001190   0x00000200   Zero   RW         2694    HEAP                startup_stm32f10x_md.o
    0x20001390   0x00000400   Zero   RW         2693    STACK               startup_stm32f10x_md.o


==============================================================================

Image component sizes


      Code (inc. data)   RO Data    RW Data    ZI Data      Debug   Object Name

       292         46          0          4          0       2364   adc.o
       238         46          0         16          0       2936   flash.o
       462         66          0          0          0       5878   gpio_stm32f10x.o
       514         42          0          8          0     256130   main.o
       100          6          0          0          0       1108   misc.o
       524         68          4          1          0       3082   pwm.o
       210          8          0          6          0       2128   rtc.o
        28          6         84         12       3168      12076   rtx_conf_cm.o
        36          8        236          0       1536        824   startup_stm32f10x_md.o
       282         10          0          0          0       7845   stm32f10x_adc.o
       300         42          0          0          0       6780   stm32f10x_flash.o
       196          0          0          0          0       3789   stm32f10x_gpio.o
        12          6          0          0          0        546   stm32f10x_pwr.o
       476        100          0          0          0      12785   stm32f10x_rcc.o
       140         28          0          0          0       3791   stm32f10x_rtc.o
       516         72          0          0          0       7345   stm32f10x_tim.o
       248         36          0         16          0       2440   supply.o
       248         24          0          0          0       1633   system_stm32f10x.o
        56         18          8          4         24       1836   timing.o
       246         22          0          4          0       5769   usb hid.o
       386         24        728        374        291      69462   usbd_config_0.o
      2256        270        112         28        360     313038   usbd_stm32f10x.o

    ----------------------------------------------------------------------
      7786        948       1228        480       5388     723585   Object Totals
         0          0         32          0          0          0   (incl. Generated)
        20          0         24          7          9          0   (incl. Padding)

    ----------------------------------------------------------------------

      Code (inc. data)   RO Data    RW Data    ZI Data      Debug   Library Member Name

       238         24          0          1          0       3312   hal_cm.o
       304         36          0          0          0        768   hal_cm3.o
      1958        210          0          8          0      45482   rt_cmsis.o
       272         18          0          0          0       2650   rt_event.o
       530         34          0          0         48       8253   rt_list.o
       554         10          0          0          0       3949   rt_mailbox.o
       140          0          0          0          0       1925   rt_membox.o
       128          0          0          0          0       2307   rt_memory.o
        96         22          0          8          0       1158   rt_robin.o
       186         10          0          0          0       2902   rt_semaphore.o
       298         52          0          8          0       6223   rt_system.o
      1216        174          0          8         52       9649   rt_task.o
         6          0          0          4          0        652   rt_time.o
         4          4          0          0          0        208   svc_table.o
      3258        194          0          0          0       1504   usbd_lib_core.o
       260         52          0          0          0        324   usbd_lib_core_device.o
       580         58          0          0          0        260   usbd_lib_core_hid.o
      1336        116          0          0          0       1156   usbd_lib_drv.o
      1992        206         32          0          0       1440   usbd_lib_hid.o
        80         12          0          0          0        104   arm_exceptions_globs.o
        60          0          0          0          0        108   arm_exceptions_mem.o
        26          0          0          0          0         76   arm_exceptions_terminate.o
         4          0          0          0          0         68   arm_newhandler_noexceptions.o
         8          0          0          0          0         76   array_del.o
         8          0          0          0          0         76   array_new.o
         8          0          0          0          0         76   delete.o
        40          6          0          0          0         76   new.o
        38          0          0          0          0         68   fpclassifyf.o
        42          0          0          0          0        340   funder.o
      1568         80        320          0          0        224   powf.o
        86          0          0          0          0          0   __dczerorl2.o
        20          4          0         12          0        136   cpp_memory.o
         0          0          0          0          0          0   entry.o
         0          0          0          0          0          0   entry10a.o
         0          0          0          0          0          0   entry11a.o
         8          4          0          0          0          0   entry2.o
         4          0          0          0          0          0   entry5.o
         0          0          0          0          0          0   entry7b.o
         0          0          0          0          0          0   entry8b.o
        12          6          0          4          0         68   errno.o
        30          0          0          0          0          0   handlers.o
        36          8          0          0          0         68   init.o
         0          0          0          0          0          0   iusefp.o
        30          0          0          0          0         68   llshl.o
        36          0          0          0          0         68   llsshr.o
        32          0          0          0          0         68   llushr.o
       188         20          0          0          0        160   malloc.o
        36          0          0          0          0         68   memcpya.o
        36          0          0          0          0        108   memseta.o
         0          0          0          8          0          0   mvars.o
        98          0          0          0          0         92   uldiv.o
        20          0          0          0          0         68   cfrcmple.o
        56          0          0          0          0         88   d2f.o
       334          0          0          0          0        148   dadd.o
       222          0          0          0          0        100   ddiv.o
       186          0          0          0          0        176   depilogue.o
        38          0          0          0          0         68   f2d.o
       176          0          0          0          0        140   fadd.o
       124          0          0          0          0         88   fdiv.o
       110          0          0          0          0        168   fepilogue.o
        76          0          0          0          0         76   ffixir.o
        40          0          0          0          0         68   ffixui.o
        18          0          0          0          0         68   fflti.o
        10          0          0          0          0         68   ffltui.o
       100          0          0          0          0         76   fmul.o
         4          0          0          0          0         68   fpstat.o
        24          0          0          0          0         68   fscalb.o

    ----------------------------------------------------------------------
     17462       1360        352         64        100      97854   Library Totals
        34          0          0          3          0          0   (incl. Padding)

    ----------------------------------------------------------------------

      Code (inc. data)   RO Data    RW Data    ZI Data      Debug   Library Name

      5930        594          0         37        100      89438   RTX_CM3.lib
      7426        626         32          0          0       4684   USB_CM3_L.lib
       234         18          0          0          0        660   cpprt_w.l
      1648         80        320          0          0        632   m_ws.l
       652         42          0         24          0        904   mc_w.l
      1538          0          0          0          0       1536   mf_w.l

    ----------------------------------------------------------------------
     17462       1360        352         64        100      97854   Library Totals

    ----------------------------------------------------------------------

==============================================================================


      Code (inc. data)   RO Data    RW Data    ZI Data      Debug   

     25248       2308       1580        544       5488     802847   Grand Totals
     25248       2308       1580         72       5488     802847   ELF Image Totals (compressed)
     25248       2308       1580         72          0          0   ROM Totals

==============================================================================

    Total RO  Size (Code + RO Data)                26828 (  26.20kB)
    Total RW  Size (RW Data + ZI Data)              6032 (   5.89kB)
    Total ROM Size (Code + RO Data + RW Data)      26900 (  26.27kB)

==============================================================================

